(00.000000) CRIU run id = 0xeffffffc00054ab5
(00.000033) Version: 3.19 (gitid 0)
(00.000036) Running on criu-testing Linux 5.14.0-687.24.1+2.1.el9_8_ciq.x86_64 #1 SMP PREEMPT_DYNAMIC Tue Jul 14 23:31:43 UTC 2026 x86_64
(00.000042) Loaded kdat cache from /run/user/1000/criu.kdat
(00.000063) Hugetlb size 2 Mb is supported but cannot get dev's number
(00.000068) Hugetlb size 1024 Mb is supported but cannot get dev's number
(00.000248) mnt-v2: Mounts-v2 requires MOVE_MOUNT_SET_GROUP support
(00.000250) Mount engine fallback to --mntns-compat-mode mode
(00.000253) Effective capability 24 missing
(00.000296) cpu: x86_family 26 x86_vendor_id AuthenticAMD x86_model_id AMD EPYC 9B45
(00.000299) cpu: fpu: xfeatures_mask 0x2e5 xsave_size 2440 xsave_size_max 2440 xsaves_size 2440
(00.000308) cpu: fpu: x87 floating point registers     xstate_offsets      0 / 0      xstate_sizes    160 / 160   
(00.000309) cpu: fpu: AVX registers                    xstate_offsets    576 / 576    xstate_sizes    256 / 256   
(00.000310) cpu: fpu: AVX-512 opmask                   xstate_offsets    832 / 832    xstate_sizes     64 / 64    
(00.000311) cpu: fpu: AVX-512 Hi256                    xstate_offsets    896 / 896    xstate_sizes    512 / 512   
(00.000312) cpu: fpu: AVX-512 ZMM_Hi256                xstate_offsets   1408 / 1408   xstate_sizes   1024 / 1024  
(00.000312) cpu: fpu: Protection Keys User registers   xstate_offsets   2432 / 2432   xstate_sizes      8 / 8     
(00.000313) cpu: fpu:1 fxsr:1 xsave:1 xsaveopt:1 xsavec:1 xgetbv1:1 xsaves:1
(00.000327) kernel pid_max=4194304
(00.000327) Reading image tree
(00.000335) Add mnt ns 6 pid 346795
(00.000336) Add net ns 2 pid 346795
(00.000336) Add pid ns 1 pid 346795
(00.000337) pstree pid_max=346795
(00.000340) Will restore in 0 namespaces
(00.000341) NS mask to use 0
(00.000349) sockets: Unable to set SO_SNDBUFFORCE/SO_RCVBUFFORCE, falling back to SO_SNDBUF/SO_RCVBUF
(00.000353) Collecting 51/56 (flags 3)
(00.000355) No memfd.img image
(00.000356)  `- ... done
(00.000357) Collecting 40/54 (flags 2)
(00.000361) Collected [home/luca/fmi/build/runbooks/criu-transparent-checkpoint/fmi_checkpoint_subject] ID 0x1
(00.000363) Collected [usr/lib64/libc.so.6] ID 0x2
(00.000364) Collected [usr/lib64/libstdc++.so.6.0.29] ID 0x3
(00.000366) Collected [usr/lib64/libicuuc.so.67.1] ID 0x4
(00.000367) Collected [usr/lib64/libicui18n.so.67.1] ID 0x5
(00.000368) Collected [usr/lib64/libicudata.so.67.1] ID 0x6
(00.000369) Collected [usr/lib64/libgcc_s-11-20240719.so.1] ID 0x7
(00.000370) Collected [usr/lib64/libm.so.6] ID 0x8
(00.000371) Collected [usr/lib64/libhiredis.so.1.0.0] ID 0x9
(00.000372) Collected [usr/lib64/ld-linux-x86-64.so.2] ID 0xa
(00.000373) Collected [dev/null] ID 0xb
(00.000374) Collected [home/luca/fmi/runbooks/drain-migration/runs/run345531/fmidr345531-t0p2/r1.log] ID 0xc
(00.000376) Collected pipe entry ID 0xd PIPE ID 0x7445491
(00.000379) Collected pipe entry ID 0xe PIPE ID 0x7445491
(00.000380) Collected [home/luca/fmi/runbooks/drain-migration] ID 0xf
(00.000381) Collected [.] ID 0x10
(00.000382)  `- ... done
(00.000383) Collecting 46/68 (flags 0)
(00.000384) No remap-fpath.img image
(00.000384)  `- ... done
(00.000387) No apparmor.img image
(00.000388) No cgroup.img image
(00.000392) Running pre-restore scripts
(00.000397) No pidns-1.img image
(00.000422) Forking task with 346795 pid (flags 0x0)
(00.000423) Creating process using clone3()
(00.000475) PID: real 346795 virt 346795
(00.000504) 346795: cg: Cgroup namespace inherited from parent
(00.000536) 346795: Effective capability 7 missing
(00.000538) 346795: Calling restore_sid() for init
(00.000538) 346795: Restoring 346795 to 346795 sid
(00.000553) 346795: Collecting 44/37 (flags 2)
(00.000560) 346795: No tty-info.img image
(00.000561) 346795:  `- ... done
(00.000561) 346795: Collecting 45/51 (flags 0)
(00.000562) 346795: No tty-data.img image
(00.000563) 346795:  `- ... done
(00.000564) 346795: Restoring namespaces 346795 flags 0x0
(00.000568) 346795: Preparing info about shared resources
(00.000586) 346795: Collecting 48/38 (flags 0)
(00.000591) 346795: No filelocks.img image
(00.000591) 346795:  `- ... done
(00.000592) 346795: Collecting 42/27 (flags 0)
(00.000599) 346795: Collected pipe data for 0x7445491 (chain 17)
(00.000600) 346795:  `- ... done
(00.000601) 346795: Collecting 43/27 (flags 0)
(00.000602) 346795: No fifo-data.img image
(00.000602) 346795:  `- ... done
(00.000603) 346795: Collecting 41/69 (flags 0)
(00.000604) 346795: No sk-queues.img image
(00.000605) 346795:  `- ... done
(00.000625) 346795: Found 69 VMAs in image
(00.000626) 346795: vma 0x400000 0x40d000
(00.000627) 346795: vma 0x40d000 0x53d000
(00.000628) 346795: vma 0x53d000 0x5b5000
(00.000628) 346795: vma 0x5b5000 0x5bc000
(00.000629) 346795: vma 0x5bc000 0x5bd000
(00.000629) 346795: vma 0x5bd000 0x5be000
(00.000630) 346795: vma 0xc2f000 0xc54000
(00.000630) 346795: vma 0x7f1954000000 0x7f1954021000
(00.000631) 346795: vma 0x7f1954021000 0x7f1958000000
(00.000631) 346795: vma 0x7f195b1fe000 0x7f195b1ff000
(00.000632) 346795: vma 0x7f195b1ff000 0x7f195b9ff000
(00.000632) 346795: vma 0x7f195b9ff000 0x7f195ba00000
(00.000633) 346795: vma 0x7f195ba00000 0x7f195c200000
(00.000634) 346795: vma 0x7f195c200000 0x7f195c229000
(00.000634) 346795: vma 0x7f195c229000 0x7f195c39e000
(00.000635) 346795: vma 0x7f195c39e000 0x7f195c3f7000
(00.000635) 346795: vma 0x7f195c3f7000 0x7f195c3fb000
(00.000636) 346795: vma 0x7f195c3fb000 0x7f195c3fd000
(00.000636) 346795: vma 0x7f195c3fd000 0x7f195c40a000
(00.000637) 346795: vma 0x7f195c600000 0x7f195c699000
(00.000637) 346795: vma 0x7f195c699000 0x7f195c7a5000
(00.000638) 346795: vma 0x7f195c7a5000 0x7f195c818000
(00.000638) 346795: vma 0x7f195c818000 0x7f195c825000
(00.000639) 346795: vma 0x7f195c825000 0x7f195c826000
(00.000639) 346795: vma 0x7f195c826000 0x7f195c829000
(00.000640) 346795: vma 0x7f195ca17000 0x7f195ca79000
(00.000640) 346795: vma 0x7f195ca79000 0x7f195cb63000
(00.000641) 346795: vma 0x7f195cb63000 0x7f195cbeb000
(00.000641) 346795: vma 0x7f195cbeb000 0x7f195cbfd000
(00.000642) 346795: vma 0x7f195cbfd000 0x7f195cbfe000
(00.000642) 346795: vma 0x7f195cbfe000 0x7f195cc00000
(00.000643) 346795: vma 0x7f195cc00000 0x7f195ccde000
(00.000643) 346795: vma 0x7f195ccde000 0x7f195ce67000
(00.000644) 346795: vma 0x7f195ce67000 0x7f195cef4000
(00.000644) 346795: vma 0x7f195cef4000 0x7f195cf04000
(00.000645) 346795: vma 0x7f195cf04000 0x7f195cf05000
(00.000645) 346795: vma 0x7f195cf05000 0x7f195cf06000
(00.000646) 346795: vma 0x7f195d000000 0x7f195d001000
(00.000646) 346795: vma 0x7f195d001000 0x7f195d002000
(00.000647) 346795: vma 0x7f195d002000 0x7f195eb17000
(00.000647) 346795: vma 0x7f195eb17000 0x7f195eb18000
(00.000648) 346795: vma 0x7f195eb18000 0x7f195eb19000
(00.000648) 346795: vma 0x7f195eb9e000 0x7f195eba3000
(00.000649) 346795: vma 0x7f195eba3000 0x7f195eba6000
(00.000650) 346795: vma 0x7f195eba6000 0x7f195ebba000
(00.000650) 346795: vma 0x7f195ebba000 0x7f195ebbe000
(00.000651) 346795: vma 0x7f195ebbe000 0x7f195ebbf000
(00.000651) 346795: vma 0x7f195ebbf000 0x7f195ebc0000
(00.000652) 346795: vma 0x7f195ebc0000 0x7f195ebcd000
(00.000652) 346795: vma 0x7f195ebcd000 0x7f195ec3f000
(00.000653) 346795: vma 0x7f195ec3f000 0x7f195ec9b000
(00.000654) 346795: vma 0x7f195ec9b000 0x7f195ec9c000
(00.000654) 346795: vma 0x7f195ec9c000 0x7f195ec9d000
(00.000655) 346795: vma 0x7f195ec9d000 0x7f195ec9f000
(00.000655) 346795: vma 0x7f195ec9f000 0x7f195eca2000
(00.000656) 346795: vma 0x7f195eca2000 0x7f195ecae000
(00.000656) 346795: vma 0x7f195ecae000 0x7f195ecb2000
(00.000657) 346795: vma 0x7f195ecb2000 0x7f195ecb3000
(00.000657) 346795: vma 0x7f195ecb3000 0x7f195ecb4000
(00.000658) 346795: vma 0x7f195ecba000 0x7f195ecbc000
(00.000658) 346795: vma 0x7f195ecbc000 0x7f195ecbe000
(00.000659) 346795: vma 0x7f195ecbe000 0x7f195ece7000
(00.000659) 346795: vma 0x7f195ece7000 0x7f195ecf3000
(00.000660) 346795: vma 0x7f195ecf3000 0x7f195ecf5000
(00.000660) 346795: vma 0x7f195ecf5000 0x7f195ecf7000
(00.000661) 346795: vma 0x7fff3eebe000 0x7fff3eedf000
(00.000661) 346795: vma 0x7fff3eff0000 0x7fff3eff4000
(00.000662) 346795: vma 0x7fff3eff4000 0x7fff3eff6000
(00.000664) 346795: vma 0xffffffffff600000 0xffffffffff601000
(00.000667) 346795: Collect fdinfo pid=346795 fd=0 id=0xb
(00.000669) 346795: Collect fdinfo pid=346795 fd=1 id=0xc
(00.000670) 346795: Collect fdinfo pid=346795 fd=2 id=0xc
(00.000670) 346795: Collect fdinfo pid=346795 fd=4 id=0xd
(00.000671) 346795: Collect fdinfo pid=346795 fd=5 id=0xe
(00.000691) 346795: skqueue: Preparing SCMs
(00.000692) 346795: Pipes:
(00.000692) 346795:  `- PIPE ID 0x7445491
(00.000693) 346795:   `- ID 0x19605d0 0xd
(00.000694) 346795:    `- FD 4 pid 346795
(00.000695) 346795:   `- ID 0x1960550 0xe
(00.000695) 346795:    `- FD 5 pid 346795
(00.000696) 346795:     by 0xd
(00.000696) 346795: unix: ghost: Resolving addresses
(00.000698) 346795: File descs:
(00.000699) 346795:  `- type 1 ID 0x1
(00.000699) 346795:  `- type 1 ID 0x2
(00.000699) 346795:  `- type 1 ID 0x3
(00.000700) 346795:  `- type 1 ID 0x4
(00.000700) 346795:  `- type 1 ID 0x5
(00.000701) 346795:  `- type 1 ID 0x6
(00.000701) 346795:  `- type 1 ID 0x7
(00.000702) 346795:  `- type 1 ID 0x8
(00.000702) 346795:  `- type 1 ID 0x9
(00.000703) 346795:  `- type 1 ID 0xa
(00.000703) 346795:  `- type 1 ID 0xb
(00.000704) 346795:    `- FD 0 pid 346795
(00.000704) 346795:  `- type 1 ID 0xc
(00.000705) 346795:    `- FD 1 pid 346795
(00.000705) 346795:    `- FD 2 pid 346795
(00.000706) 346795:  `- type 2 ID 0xd
(00.000706) 346795:    `- FD 4 pid 346795
(00.000706) 346795:  `- type 2 ID 0xe
(00.000707) 346795:    `- FD 5 pid 346795
(00.000707) 346795:  `- type 1 ID 0xf
(00.000708) 346795:  `- type 1 ID 0x10
(00.000748) 346795: No parent images directory provided
(00.000753) 346795: Opened local page read 1 (parent 0)
(00.000757) 346795: Enqueue page-read
(00.000758) 346795: Enqueue page-read
(00.000758) 346795: Enqueue page-read
(00.000759) 346795: Enqueue page-read
(00.000759) 346795: Enqueue page-read
(00.000760) 346795: Enqueue page-read
(00.000760) 346795: Enqueue page-read
(00.000761) 346795: Enqueue page-read
(00.000761) 346795: Enqueue page-read
(00.000761) 346795: Enqueue page-read
(00.000762) 346795: Enqueue page-read
(00.000762) 346795: Enqueue page-read
(00.000763) 346795: Enqueue page-read
(00.000763) 346795: Enqueue page-read
(00.000764) 346795: Enqueue page-read
(00.000764) 346795: Enqueue page-read
(00.000765) 346795: Enqueue page-read
(00.000765) 346795: Enqueue page-read
(00.000765) 346795: Enqueue page-read
(00.000766) 346795: Enqueue page-read
(00.000766) 346795: Enqueue page-read
(00.000767) 346795: Enqueue page-read
(00.000767) 346795: Enqueue page-read
(00.000768) 346795: Enqueue page-read
(00.000768) 346795: Enqueue page-read
(00.000769) 346795: Enqueue page-read
(00.000769) 346795: Enqueue page-read
(00.000769) 346795: Enqueue page-read
(00.000770) 346795: Enqueue page-read
(00.000770) 346795: Enqueue page-read
(00.000771) 346795: Enqueue page-read
(00.000771) 346795: Enqueue page-read
(00.000772) 346795: Enqueue page-read
(00.000772) 346795: Enqueue page-read
(00.000773) 346795: Enqueue page-read
(00.000773) 346795: Enqueue page-read
(00.000773) 346795: Enqueue page-read
(00.000774) 346795: Enqueue page-read
(00.000774) 346795: Enqueue page-read
(00.000776) 346795: nr_restored_pages: 144
(00.000777) 346795: nr_shared_pages:   0
(00.000777) 346795: nr_dropped_pages:   0
(00.000778) 346795: nr_lazy:           0
(00.000781) 346795: Shrunk premap area to 0x7f1772512000(0)
(00.000782) 346795: Restore on-core sigactions for 346795
(00.000797) 346795: Restoring children in alien sessions:
(00.000798) 346795: Restoring children in our session:
(00.000802) 346795: Restoring 346795 to 346795 pgid
(00.000804) 346795: Restoring resources
(00.000807) 346795: Opening fdinfo-s
(00.000813) 346795: 		Create fd for 0
(00.000816) 346795: File home/luca/fmi/runbooks/drain-migration/runs/run345531/fmidr345531-t0p2/r1.log could only be validated with file size
(00.000817) 346795: 		Create fd for 1
(00.000818) 346795: 			Going to dup 1 into 2
(00.000819) 346795: 	Receive fd for 2
(00.000819) 346795: 		Creating pipe pipe_id=0x7445491 id=0xd
(00.000823) 346795: Restoring size 0x10000 for 0x7445491
(00.000826) 346795: 		Send fd 4 to /crtools-fd-346795-effffffc00054ab5
(00.000833) 346795: 		Create fd for 4
(00.000833) 346795: 		Creating pipe pipe_id=0x7445491 id=0xe
(00.000836) 346795: Further fle=0x7f177a80b988, pid=346795
(00.000838) 346795: 		Create fd for 5
(00.000838) 346795: Opening 0x00000000400000-0x0000000040d000 0000000000000000 (41) vma
(00.000849) 346795: Opening 0x0000000040d000-0x0000000053d000 0x0000000000d000 (41) vma
(00.000850) 346795: Opening 0x0000000053d000-0x000000005b5000 0x0000000013d000 (20000041) vma
(00.000851) 346795: Opening 0x000000005b5000-0x000000005bc000 0x000000001b5000 (41) vma
(00.000852) 346795: Opening 0x000000005bc000-0x000000005bd000 0x000000001bc000 (41) vma
(00.000853) 346795: Opening 0x007f195c200000-0x007f195c229000 0000000000000000 (20000041) vma
(00.000861) 346795: Opening 0x007f195c229000-0x007f195c39e000 0x00000000029000 (20000041) vma
(00.000862) 346795: Opening 0x007f195c39e000-0x007f195c3f7000 0x0000000019e000 (41) vma
(00.000863) 346795: Opening 0x007f195c3f7000-0x007f195c3fb000 0x000000001f6000 (41) vma
(00.000863) 346795: Opening 0x007f195c3fb000-0x007f195c3fd000 0x000000001fa000 (41) vma
(00.000864) 346795: Opening 0x007f195c600000-0x007f195c699000 0000000000000000 (20000041) vma
(00.000871) 346795: Opening 0x007f195c699000-0x007f195c7a5000 0x00000000099000 (20000041) vma
(00.000872) 346795: Opening 0x007f195c7a5000-0x007f195c818000 0x000000001a5000 (41) vma
(00.000873) 346795: Opening 0x007f195c818000-0x007f195c825000 0x00000000217000 (41) vma
(00.000874) 346795: Opening 0x007f195c825000-0x007f195c826000 0x00000000224000 (41) vma
(00.000875) 346795: Opening 0x007f195ca17000-0x007f195ca79000 0000000000000000 (20000041) vma
(00.000881) 346795: Opening 0x007f195ca79000-0x007f195cb63000 0x00000000062000 (20000041) vma
(00.000882) 346795: Opening 0x007f195cb63000-0x007f195cbeb000 0x0000000014c000 (41) vma
(00.000883) 346795: Opening 0x007f195cbeb000-0x007f195cbfd000 0x000000001d4000 (41) vma
(00.000883) 346795: Opening 0x007f195cbfd000-0x007f195cbfe000 0x000000001e6000 (41) vma
(00.000884) 346795: Opening 0x007f195cc00000-0x007f195ccde000 0000000000000000 (20000041) vma
(00.000890) 346795: Opening 0x007f195ccde000-0x007f195ce67000 0x000000000de000 (20000041) vma
(00.000890) 346795: Opening 0x007f195ce67000-0x007f195cef4000 0x00000000267000 (41) vma
(00.000891) 346795: Opening 0x007f195cef4000-0x007f195cf04000 0x000000002f4000 (41) vma
(00.000891) 346795: Opening 0x007f195cf04000-0x007f195cf05000 0x00000000304000 (41) vma
(00.000892) 346795: Opening 0x007f195d000000-0x007f195d001000 0000000000000000 (20000041) vma
(00.000897) 346795: Opening 0x007f195d001000-0x007f195d002000 0x00000000001000 (20000041) vma
(00.000898) 346795: Opening 0x007f195d002000-0x007f195eb17000 0x00000000002000 (41) vma
(00.000899) 346795: Opening 0x007f195eb17000-0x007f195eb18000 0x00000001b16000 (41) vma
(00.000899) 346795: Opening 0x007f195eba3000-0x007f195eba6000 0000000000000000 (20000041) vma
(00.000905) 346795: Opening 0x007f195eba6000-0x007f195ebba000 0x00000000003000 (20000041) vma
(00.000905) 346795: Opening 0x007f195ebba000-0x007f195ebbe000 0x00000000017000 (41) vma
(00.000906) 346795: Opening 0x007f195ebbe000-0x007f195ebbf000 0x0000000001a000 (41) vma
(00.000906) 346795: Opening 0x007f195ebc0000-0x007f195ebcd000 0000000000000000 (20000041) vma
(00.000911) 346795: Opening 0x007f195ebcd000-0x007f195ec3f000 0x0000000000d000 (20000041) vma
(00.000912) 346795: Opening 0x007f195ec3f000-0x007f195ec9b000 0x0000000007f000 (41) vma
(00.000913) 346795: Opening 0x007f195ec9b000-0x007f195ec9c000 0x000000000da000 (41) vma
(00.000913) 346795: Opening 0x007f195ec9c000-0x007f195ec9d000 0x000000000db000 (41) vma
(00.000914) 346795: Opening 0x007f195ec9f000-0x007f195eca2000 0000000000000000 (20000041) vma
(00.000919) 346795: Opening 0x007f195eca2000-0x007f195ecae000 0x00000000003000 (20000041) vma
(00.000919) 346795: Opening 0x007f195ecae000-0x007f195ecb2000 0x0000000000f000 (41) vma
(00.000920) 346795: Opening 0x007f195ecb2000-0x007f195ecb3000 0x00000000012000 (41) vma
(00.000920) 346795: Opening 0x007f195ecb3000-0x007f195ecb4000 0x00000000013000 (41) vma
(00.000922) 346795: Opening 0x007f195ecbc000-0x007f195ecbe000 0000000000000000 (20000041) vma
(00.000927) 346795: Opening 0x007f195ecbe000-0x007f195ece7000 0x00000000002000 (20000041) vma
(00.000928) 346795: Opening 0x007f195ece7000-0x007f195ecf3000 0x0000000002b000 (41) vma
(00.000929) 346795: Opening 0x007f195ecf3000-0x007f195ecf5000 0x00000000037000 (41) vma
(00.000929) 346795: Opening 0x007f195ecf5000-0x007f195ecf7000 0x00000000039000 (41) vma
(00.000966) 346795: `- render 26 iovs (0x40d000:4096...)
(00.000967) 346795: Restore via sigreturn
(00.000993) 346795: Parsed 400000-426000 vma
(00.000994) 346795: Parsed 400000-4d8000 vma
(00.000994) 346795: Parsed 400000-54c000 vma
(00.000995) 346795: Parsed 400000-56b000 vma
(00.000995) 346795: Parsed 400000-573000 vma
(00.000996) 346795: Parsed 400000-5a6000 vma
(00.000997) 346795: Parsed 193d000-197f000 vma
(00.000997) 346795: Parsed 7f1779cac000-7f1779cbd000 vma
(00.000998) 346795: Parsed 7f1779cac000-7f1779cf5000 vma
(00.000999) 346795: Parsed 7f1779cac000-7f1779e2c000 vma
(00.000999) 346795: Parsed 7f1779cac000-7f1779e30000 vma
(00.001000) 346795: Parsed 7f1779cac000-7f1779e31000 vma
(00.001001) 346795: Parsed 7f1779cac000-7f1779e70000 vma
(00.001001) 346795: Parsed 7f1779cac000-7f1779f5a000 vma
(00.001002) 346795: Parsed 7f1779cac000-7f1779fe1000 vma
(00.001002) 346795: Parsed 7f1779cac000-7f1779ff1000 vma
(00.001003) 346795: Parsed 7f1779cac000-7f177a000000 vma
(00.001003) 346795: Parsed 7f1779cac000-7f177a029000 vma
(00.001004) 346795: Parsed 7f1779cac000-7f177a19e000 vma
(00.001004) 346795: Parsed 7f1779cac000-7f177a1f7000 vma
(00.001005) 346795: Parsed 7f1779cac000-7f177a1fb000 vma
(00.001006) 346795: Parsed 7f1779cac000-7f177a1fd000 vma
(00.001006) 346795: Parsed 7f1779cac000-7f177a20a000 vma
(00.001007) 346795: Parsed 7f177a29e000-7f177a2a2000 vma
(00.001007) 346795: Parsed 7f177a2a4000-7f177a2b0000 vma
(00.001008) 346795: Parsed 7f177a2a4000-7f177a2c0000 vma
(00.001008) 346795: Parsed 7f177a2a4000-7f177a2c2000 vma
(00.001009) 346795: Parsed 7f177a2a4000-7f177a2c8000 vma
(00.001010) 346795: Parsed 7f177a2a4000-7f177a2c9000 vma
(00.001010) 346795: Parsed 7f177a2a4000-7f177a2ca000 vma
(00.001011) 346795: Parsed 7f177a2a4000-7f177a2cb000 vma
(00.001011) 346795: Parsed 7f177a2a4000-7f177a2cc000 vma
(00.001012) 346795: Parsed 7f177a2a4000-7f177a2d4000 vma
(00.001012) 346795: Parsed 7f177a2a4000-7f177a338000 vma
(00.001013) 346795: Parsed 7f177a2a4000-7f177a361000 vma
(00.001013) 346795: Parsed 7f177a2a4000-7f177a363000 vma
(00.001014) 346795: Parsed 7f177a2a4000-7f177a364000 vma
(00.001015) 346795: Parsed 7f177a2a4000-7f177a366000 vma
(00.001015) 346795: Parsed 7f177a2a4000-7f177a3d3000 vma
(00.001016) 346795: Parsed 7f177a2a4000-7f177a3fe000 vma
(00.001016) 346795: Parsed 7f177a2a4000-7f177a3ff000 vma
(00.001017) 346795: Parsed 7f177a2a4000-7f177a400000 vma
(00.001017) 346795: Parsed 7f177a2a4000-7f177a439000 vma
(00.001027) 346795: Parsed 7f177a2a4000-7f177a620000 vma
(00.001028) 346795: Parsed 7f177a2a4000-7f177a6be000 vma
(00.001028) 346795: Parsed 7f177a2a4000-7f177a6d0000 vma
(00.001029) 346795: Parsed 7f177a2a4000-7f177a6d4000 vma
(00.001029) 346795: Parsed 7f177a2a4000-7f177a6d8000 vma
(00.001030) 346795: Parsed 7f177a6d9000-7f177a6de000 vma
(00.001031) 346795: Parsed 7f177a6d9000-7f177a6ec000 vma
(00.001031) 346795: Parsed 7f177a6d9000-7f177a71a000 vma
(00.001032) 346795: Parsed 7f177a6d9000-7f177a732000 vma
(00.001032) 346795: Parsed 7f177a6d9000-7f177a734000 vma
(00.001033) 346795: Parsed 7f177a6d9000-7f177a735000 vma
(00.001033) 346795: Parsed 7f177a6d9000-7f177a738000 vma
(00.001034) 346795: Parsed 7f177a6d9000-7f177a746000 vma
(00.001034) 346795: Parsed 7f177a6d9000-7f177a74a000 vma
(00.001035) 346795: Parsed 7f177a6d9000-7f177a74b000 vma
(00.001035) 346795: Parsed 7f177a6d9000-7f177a74e000 vma
(00.001036) 346795: Parsed 7f177a6d9000-7f177a750000 vma
(00.001037) 346795: Parsed 7f177a6d9000-7f177a754000 vma
(00.001037) 346795: Parsed 7f177a6d9000-7f177a76d000 vma
(00.001038) 346795: Parsed 7f177a6d9000-7f177a76e000 vma
(00.001039) 346795: Parsed 7f177a6d9000-7f177a76f000 vma
(00.001040) 346795: Parsed 7f177a6d9000-7f177a772000 vma
(00.001040) 346795: Parsed 7f177a6d9000-7f177a786000 vma
(00.001041) 346795: Parsed 7f177a6d9000-7f177a78a000 vma
(00.001041) 346795: Parsed 7f177a6d9000-7f177a78b000 vma
(00.001042) 346795: Parsed 7f177a6d9000-7f177a78c000 vma
(00.001043) 346795: Parsed 7f177a6d9000-7f177a790000 vma
(00.001043) 346795: Parsed 7f177a6d9000-7f177a79e000 vma
(00.001044) 346795: Parsed 7f177a6d9000-7f177a7a4000 vma
(00.001044) 346795: Parsed 7f177a6d9000-7f177a7a5000 vma
(00.001056) 346795: Parsed 7f177a6d9000-7f177a7aa000 vma
(00.001057) 346795: Parsed 7f177a6d9000-7f177a7b3000 vma
(00.001058) 346795: Parsed 7f177a6d9000-7f177a7c3000 vma
(00.001058) 346795: Parsed 7f177a6d9000-7f177a7cc000 vma
(00.001059) 346795: Parsed 7f177a6d9000-7f177a7ce000 vma
(00.001060) 346795: Parsed 7f177a6d9000-7f177a7cf000 vma
(00.001061) 346795: Parsed 7f177a6d9000-7f177a7d0000 vma
(00.001062) 346795: Parsed 7f177a6d9000-7f177a7d6000 vma
(00.001062) 346795: Parsed 7f177a6d9000-7f177a7d7000 vma
(00.001063) 346795: Parsed 7f177a6d9000-7f177a7d8000 vma
(00.001063) 346795: Parsed 7f177a6d9000-7f177a7d9000 vma
(00.001064) 346795: Parsed 7f177a6d9000-7f177a7da000 vma
(00.001068) 346795: Parsed 7f177a6d9000-7f177a7e0000 vma
(00.001069) 346795: Parsed 7f177a6d9000-7f177a7fb000 vma
(00.001070) 346795: Parsed 7f177a6d9000-7f177a803000 vma
(00.001070) 346795: Parsed 7f177a6d9000-7f177a804000 vma
(00.001071) 346795: Parsed 7f177a6d9000-7f177a805000 vma
(00.001071) 346795: Parsed 7f177a6d9000-7f177a807000 vma
(00.001072) 346795: Parsed 7f177a808000-7f177a809000 vma
(00.001072) 346795: Parsed 7f177a808000-7f177a80b000 vma
(00.001073) 346795: Parsed 7f177a808000-7f177a80d000 vma
(00.001073) 346795: Parsed 7f177a808000-7f177a80f000 vma
(00.001074) 346795: Parsed 7f177a808000-7f177a811000 vma
(00.001075) 346795: Parsed 7f177a808000-7f177a83a000 vma
(00.001075) 346795: Parsed 7f177a808000-7f177a846000 vma
(00.001076) 346795: Parsed 7f177a808000-7f177a848000 vma
(00.001076) 346795: Parsed 7f177a808000-7f177a84a000 vma
(00.001077) 346795: Parsed 7ffe58425000-7ffe58446000 vma
(00.001078) 346795: Parsed 7ffe5859f000-7ffe585a3000 vma
(00.001078) 346795: Parsed 7ffe5859f000-7ffe585a5000 vma
(00.001079) 346795: Parsed ffffffffff600000-ffffffffff601000 vma
(00.001080) 346795: 3 threads require 228K of memory
(00.001081) 346795: Found bootstrap VMA hint at: 0x10000 (needs ~252K)
(00.001115) 346795: 	call mremap(0x7f177a29e000, 16384, 16384, MAYMOVE | FIXED, 0x43000)
(00.001118) 346795: 	call mremap(0x7f177a809000, 8192, 8192, MAYMOVE | FIXED, 0x47000)
(00.001125) 346795: x86: xsave runtime structure
(00.001125) 346795: x86: -----------------------
(00.001126) 346795: x86: cwd:0x37f swd:0 twd:0 fop:0 mxcsr:0x1fa0 mxcsr_mask:0x2ffff
(00.001127) 346795: x86: magic1:0x46505853 extended_size:2444 xstate_bv:0x2a3 xstate_size:2440
(00.001127) 346795: x86: xstate_bv: 0x2a3
(00.001128) 346795: x86: -----------------------
(00.001128) 346795: Thread    0 stack  0x1c080 rt_sigframe  0x24080
(00.001130) 346795: x86: xsave runtime structure
(00.001130) 346795: x86: -----------------------
(00.001130) 346795: x86: cwd:0x37f swd:0 twd:0 fop:0 mxcsr:0x1fa0 mxcsr_mask:0x2ffff
(00.001131) 346795: x86: magic1:0x46505853 extended_size:2444 xstate_bv:0x2a3 xstate_size:2440
(00.001132) 346795: x86: xstate_bv: 0x2a3
(00.001132) 346795: x86: -----------------------
(00.001134) 346795: Thread    1 stack  0x288c0 rt_sigframe  0x308c0
(00.001135) 346795: x86: xsave runtime structure
(00.001135) 346795: x86: -----------------------
(00.001136) 346795: x86: cwd:0x37f swd:0 twd:0 fop:0 mxcsr:0x1fa0 mxcsr_mask:0x2ffff
(00.001136) 346795: x86: magic1:0x46505853 extended_size:2444 xstate_bv:0x2a3 xstate_size:2440
(00.001137) 346795: x86: xstate_bv: 0x2a3
(00.001137) 346795: x86: -----------------------
(00.001139) 346795: Thread    2 stack  0x35100 rt_sigframe  0x3d100
(00.001148) 346795: Restoring umask to 22
(00.001153) 346795: task_args: 0x42000
task_args->pid: 346795
task_args->nr_threads: 3
task_args->clone_restore_fn: 0x12060
task_args->thread_args: 0x42580
(00.001157) pie: 346795: Switched to the restorer 346795
(00.001227) pie: 346795: Mapping native vDSO at 0x49000
(00.001230) pie: 346795: vdso: Using gettimeofday() on vdso at 0x4de00
(00.001234) pie: 346795: 	mmap(0x400000 -> 0x40d000, 0x3 0x12 3)
(00.001237) pie: 346795: 	mmap(0x40d000 -> 0x53d000, 0x7 0x12 3)
(00.001239) pie: 346795: 	mmap(0x53d000 -> 0x5b5000, 0x1 0x12 3)
(00.001240) pie: 346795: 	mmap(0x5b5000 -> 0x5bc000, 0x3 0x12 3)
(00.001241) pie: 346795: 	mmap(0x5bc000 -> 0x5bd000, 0x3 0x12 3)
(00.001243) pie: 346795: 	mmap(0x5bd000 -> 0x5be000, 0x3 0x32 -1)
(00.001244) pie: 346795: 	mmap(0xc2f000 -> 0xc54000, 0x3 0x32 -1)
(00.001246) pie: 346795: 	mmap(0x7f1954000000 -> 0x7f1954021000, 0x3 0x32 -1)
(00.001248) pie: 346795: 	mmap(0x7f1954021000 -> 0x7f1958000000, 0x0 0x32 -1)
(00.001249) pie: 346795: 	mmap(0x7f195b1fe000 -> 0x7f195b1ff000, 0x0 0x32 -1)
(00.001250) pie: 346795: 	mmap(0x7f195b1ff000 -> 0x7f195b9ff000, 0x3 0x32 -1)
(00.001251) pie: 346795: 	mmap(0x7f195b9ff000 -> 0x7f195ba00000, 0x0 0x32 -1)
(00.001252) pie: 346795: 	mmap(0x7f195ba00000 -> 0x7f195c200000, 0x3 0x32 -1)
(00.001254) pie: 346795: 	mmap(0x7f195c200000 -> 0x7f195c229000, 0x1 0x12 6)
(00.001255) pie: 346795: 	mmap(0x7f195c229000 -> 0x7f195c39e000, 0x5 0x12 6)
(00.001258) pie: 346795: 	mmap(0x7f195c39e000 -> 0x7f195c3f7000, 0x3 0x12 6)
(00.001259) pie: 346795: 	mmap(0x7f195c3f7000 -> 0x7f195c3fb000, 0x3 0x12 6)
(00.001261) pie: 346795: 	mmap(0x7f195c3fb000 -> 0x7f195c3fd000, 0x3 0x12 6)
(00.001262) pie: 346795: 	mmap(0x7f195c3fd000 -> 0x7f195c40a000, 0x3 0x32 -1)
(00.001263) pie: 346795: 	mmap(0x7f195c600000 -> 0x7f195c699000, 0x1 0x12 7)
(00.001265) pie: 346795: 	mmap(0x7f195c699000 -> 0x7f195c7a5000, 0x5 0x12 7)
(00.001267) pie: 346795: 	mmap(0x7f195c7a5000 -> 0x7f195c818000, 0x3 0x12 7)
(00.001268) pie: 346795: 	mmap(0x7f195c818000 -> 0x7f195c825000, 0x3 0x12 7)
(00.001269) pie: 346795: 	mmap(0x7f195c825000 -> 0x7f195c826000, 0x3 0x12 7)
(00.001271) pie: 346795: 	mmap(0x7f195c826000 -> 0x7f195c829000, 0x3 0x32 -1)
(00.001272) pie: 346795: 	mmap(0x7f195ca17000 -> 0x7f195ca79000, 0x1 0x12 8)
(00.001273) pie: 346795: 	mmap(0x7f195ca79000 -> 0x7f195cb63000, 0x5 0x12 8)
(00.001275) pie: 346795: 	mmap(0x7f195cb63000 -> 0x7f195cbeb000, 0x3 0x12 8)
(00.001276) pie: 346795: 	mmap(0x7f195cbeb000 -> 0x7f195cbfd000, 0x3 0x12 8)
(00.001277) pie: 346795: 	mmap(0x7f195cbfd000 -> 0x7f195cbfe000, 0x3 0x12 8)
(00.001278) pie: 346795: 	mmap(0x7f195cbfe000 -> 0x7f195cc00000, 0x3 0x32 -1)
(00.001279) pie: 346795: 	mmap(0x7f195cc00000 -> 0x7f195ccde000, 0x1 0x12 9)
(00.001281) pie: 346795: 	mmap(0x7f195ccde000 -> 0x7f195ce67000, 0x5 0x12 9)
(00.001283) pie: 346795: 	mmap(0x7f195ce67000 -> 0x7f195cef4000, 0x3 0x12 9)
(00.001284) pie: 346795: 	mmap(0x7f195cef4000 -> 0x7f195cf04000, 0x3 0x12 9)
(00.001285) pie: 346795: 	mmap(0x7f195cf04000 -> 0x7f195cf05000, 0x3 0x12 9)
(00.001286) pie: 346795: 	mmap(0x7f195cf05000 -> 0x7f195cf06000, 0x3 0x32 -1)
(00.001287) pie: 346795: 	mmap(0x7f195d000000 -> 0x7f195d001000, 0x1 0x12 10)
(00.001289) pie: 346795: 	mmap(0x7f195d001000 -> 0x7f195d002000, 0x5 0x12 10)
(00.001291) pie: 346795: 	mmap(0x7f195d002000 -> 0x7f195eb17000, 0x3 0x12 10)
(00.001292) pie: 346795: 	mmap(0x7f195eb17000 -> 0x7f195eb18000, 0x3 0x12 10)
(00.001294) pie: 346795: 	mmap(0x7f195eb18000 -> 0x7f195eb19000, 0x3 0x32 -1)
(00.001295) pie: 346795: 	mmap(0x7f195eb9e000 -> 0x7f195eba3000, 0x3 0x32 -1)
(00.001296) pie: 346795: 	mmap(0x7f195eba3000 -> 0x7f195eba6000, 0x1 0x12 11)
(00.001298) pie: 346795: 	mmap(0x7f195eba6000 -> 0x7f195ebba000, 0x5 0x12 11)
(00.001299) pie: 346795: 	mmap(0x7f195ebba000 -> 0x7f195ebbe000, 0x3 0x12 11)
(00.001300) pie: 346795: 	mmap(0x7f195ebbe000 -> 0x7f195ebbf000, 0x3 0x12 11)
(00.001303) pie: 346795: 	mmap(0x7f195ebbf000 -> 0x7f195ebc0000, 0x3 0x32 -1)
(00.001304) pie: 346795: 	mmap(0x7f195ebc0000 -> 0x7f195ebcd000, 0x1 0x12 12)
(00.001306) pie: 346795: 	mmap(0x7f195ebcd000 -> 0x7f195ec3f000, 0x5 0x12 12)
(00.001307) pie: 346795: 	mmap(0x7f195ec3f000 -> 0x7f195ec9b000, 0x3 0x12 12)
(00.001309) pie: 346795: 	mmap(0x7f195ec9b000 -> 0x7f195ec9c000, 0x3 0x12 12)
(00.001310) pie: 346795: 	mmap(0x7f195ec9c000 -> 0x7f195ec9d000, 0x3 0x12 12)
(00.001311) pie: 346795: 	mmap(0x7f195ec9d000 -> 0x7f195ec9f000, 0x3 0x32 -1)
(00.001313) pie: 346795: 	mmap(0x7f195ec9f000 -> 0x7f195eca2000, 0x1 0x12 13)
(00.001315) pie: 346795: 	mmap(0x7f195eca2000 -> 0x7f195ecae000, 0x5 0x12 13)
(00.001316) pie: 346795: 	mmap(0x7f195ecae000 -> 0x7f195ecb2000, 0x3 0x12 13)
(00.001317) pie: 346795: 	mmap(0x7f195ecb2000 -> 0x7f195ecb3000, 0x3 0x12 13)
(00.001318) pie: 346795: 	mmap(0x7f195ecb3000 -> 0x7f195ecb4000, 0x3 0x12 13)
(00.001319) pie: 346795: 	mmap(0x7f195ecba000 -> 0x7f195ecbc000, 0x3 0x32 -1)
(00.001321) pie: 346795: 	mmap(0x7f195ecbc000 -> 0x7f195ecbe000, 0x1 0x12 14)
(00.001322) pie: 346795: 	mmap(0x7f195ecbe000 -> 0x7f195ece7000, 0x5 0x12 14)
(00.001324) pie: 346795: 	mmap(0x7f195ece7000 -> 0x7f195ecf3000, 0x3 0x12 14)
(00.001326) pie: 346795: 	mmap(0x7f195ecf3000 -> 0x7f195ecf5000, 0x3 0x12 14)
(00.001327) pie: 346795: 	mmap(0x7f195ecf5000 -> 0x7f195ecf7000, 0x3 0x12 14)
(00.001328) pie: 346795: 	mmap(0x7fff3eebe000 -> 0x7fff3eedf000, 0x3 0x132 -1)
(00.001329) pie: 346795: 	mmap(0x7fff3eff0000 -> 0x7fff3eff4000, 0x3 0x32 -1)
(00.001330) pie: 346795: 	mmap(0x7fff3eff4000 -> 0x7fff3eff6000, 0x7 0x32 -1)
(00.001332) pie: 346795: Preadv 0x40d000:4096... (26 iovs)
(00.001463) pie: 346795: `- returned 589824
(00.001464) pie: 346795:    `- skip pagemap
(00.001464) pie: 346795:    `- skip pagemap
(00.001465) pie: 346795:    `- skip pagemap
(00.001465) pie: 346795:    `- skip pagemap
(00.001466) pie: 346795:    `- skip pagemap
(00.001466) pie: 346795:    `- skip pagemap
(00.001467) pie: 346795:    `- skip pagemap
(00.001467) pie: 346795:    `- skip pagemap
(00.001468) pie: 346795:    `- skip pagemap
(00.001468) pie: 346795:    `- skip pagemap
(00.001469) pie: 346795:    `- skip pagemap
(00.001469) pie: 346795:    `- skip pagemap
(00.001470) pie: 346795:    `- skip pagemap
(00.001470) pie: 346795:    `- skip pagemap
(00.001471) pie: 346795:    `- skip pagemap
(00.001471) pie: 346795:    `- skip pagemap
(00.001472) pie: 346795:    `- skip pagemap
(00.001472) pie: 346795:    `- skip pagemap
(00.001473) pie: 346795:    `- skip pagemap
(00.001473) pie: 346795:    `- skip pagemap
(00.001474) pie: 346795:    `- skip pagemap
(00.001474) pie: 346795:    `- skip pagemap
(00.001474) pie: 346795:    `- skip pagemap
(00.001475) pie: 346795:    `- skip pagemap
(00.001475) pie: 346795:    `- skip pagemap
(00.001476) pie: 346795:    `- skip pagemap
(00.001477) pie: 346795: vdso: Parsing at 0x7fff3eff4000 0x7fff3eff6000
(00.001478) pie: 346795: vdso: PT_LOAD p_vaddr: 0x0
(00.001478) pie: 346795: vdso: DT_HASH: 0x120
(00.001479) pie: 346795: vdso: DT_STRTAB: 0x300
(00.001479) pie: 346795: vdso: DT_SYMTAB: 0x1c8
(00.001480) pie: 346795: vdso: DT_STRSZ: 0x8b
(00.001480) pie: 346795: vdso: DT_SYMENT: 0x18
(00.001481) pie: 346795: vdso: nbucket 0x3 nchain 0xd bucket 0x7fff3eff4128 chain 0x7fff3eff4134
(00.001482) pie: 346795: vdso: image [vdso] 0x7fff3eff4000-0x7fff3eff6000 [vvar] 0x7fff3eff0000-0x7fff3eff4000
(00.001483) pie: 346795: vdso: Runtime vdso/vvar matches dumpee, remap inplace
(00.001487) pie: 346795: vdso: Remap rt-vdso 0x4d000 -> 0x7fff3eff4000
(00.001490) pie: 346795: vdso: Remap rt-vvar 0x49000 -> 0x7fff3eff0000
(00.001492) pie: 346795: vdso: Using gettimeofday() on vdso at 0x7fff3eff4e00
(00.001523) pie: 346795: restoring lsm profile (current) unconfined_u:unconfined_r:unconfined_t:s0-s0:c0.c1023
(00.001538) pie: 346795: Restoring scheduler params 0.5.0
(00.001542) pie: 346795: rseq: rseq_abi_pointer = 0x7f195eb9f120 signature = 0x53053053
(00.001543) pie: 346795: Using clone3 to restore the process
(00.001560) pie: 346795: Using clone3 to restore the process
(00.001563) pie: 346797: Restoring scheduler params 0.5.0
(00.001568) pie: 346797: rseq: rseq_abi_pointer = 0x7f195c1fffe0 signature = 0x53053053
(00.001569) pie: 346795: 346795: Restored
(00.001570) pie: 346797: 346797: Restored
(00.001571) pie: 346799: Restoring scheduler params 0.5.0
(00.001579) pie: 346799: rseq: rseq_abi_pointer = 0x7f195b9fefe0 signature = 0x53053053
(00.001581) pie: 346799: 346799: Restored
(00.001594) Running post-restore scripts
(00.001596) net: Unlock network
(00.001635) pie: 346797: seccomp: mode 0 on tid 346797
(00.001635) pie: 346799: seccomp: mode 0 on tid 346799
(00.001637) pie: 346795: seccomp: mode 0 on tid 346795
(00.001670) 346799 was trapped
(00.001676) 346799 was trapped
(00.001678) 346799 (native) is going to execute the syscall 15, required is 15
(00.001682) 346799 was stopped
(00.001683) 346795 was trapped
(00.001685) 346797 was trapped
(00.001687) 346795 was trapped
(00.001688) 346795 (native) is going to execute the syscall 15, required is 15
(00.001692) 346795 was stopped
(00.001693) 346797 was trapped
(00.001694) 346797 (native) is going to execute the syscall 15, required is 15
(00.001697) 346797 was stopped
(00.001705) 346795 was trapped
(00.001706) 346795 (native) is going to execute the syscall 11, required is 11
(00.001718) 346795 was stopped
(00.001721) Run late stage hook from criu master for external devices
(00.001722) restore late stage hook for external plugin failed
(00.001723) Running pre-resume scripts
(00.001727) Restore finished successfully. Tasks resumed.
(00.001727) Writing stats
(00.001751) Running post-resume scripts
