(00.000000) CRIU run id = 0xeffffffc000355c1
(00.000029) Version: 3.19 (gitid 0)
(00.000032) Running on criu-testing Linux 5.14.0-687.24.1+2.1.el9_8_ciq.x86_64 #1 SMP PREEMPT_DYNAMIC Tue Jul 14 23:31:43 UTC 2026 x86_64
(00.000039) Loaded kdat cache from /run/user/1000/criu.kdat
(00.000051) Hugetlb size 2 Mb is supported but cannot get dev's number
(00.000057) Hugetlb size 1024 Mb is supported but cannot get dev's number
(00.000246) mnt-v2: Mounts-v2 requires MOVE_MOUNT_SET_GROUP support
(00.000250) Mount engine fallback to --mntns-compat-mode mode
(00.000253) Effective capability 24 missing
(00.000299) cpu: x86_family 26 x86_vendor_id AuthenticAMD x86_model_id AMD EPYC 9B45
(00.000302) cpu: fpu: xfeatures_mask 0x2e5 xsave_size 2440 xsave_size_max 2440 xsaves_size 2440
(00.000312) cpu: fpu: x87 floating point registers     xstate_offsets      0 / 0      xstate_sizes    160 / 160   
(00.000314) cpu: fpu: AVX registers                    xstate_offsets    576 / 576    xstate_sizes    256 / 256   
(00.000315) cpu: fpu: AVX-512 opmask                   xstate_offsets    832 / 832    xstate_sizes     64 / 64    
(00.000316) cpu: fpu: AVX-512 Hi256                    xstate_offsets    896 / 896    xstate_sizes    512 / 512   
(00.000316) cpu: fpu: AVX-512 ZMM_Hi256                xstate_offsets   1408 / 1408   xstate_sizes   1024 / 1024  
(00.000317) cpu: fpu: Protection Keys User registers   xstate_offsets   2432 / 2432   xstate_sizes      8 / 8     
(00.000318) cpu: fpu:1 fxsr:1 xsave:1 xsaveopt:1 xsavec:1 xgetbv1:1 xsaves:1
(00.000332) kernel pid_max=4194304
(00.000332) Reading image tree
(00.000340) Add mnt ns 6 pid 218545
(00.000341) Add net ns 2 pid 218545
(00.000341) Add pid ns 1 pid 218545
(00.000343) pstree pid_max=218545
(00.000346) Will restore in 0 namespaces
(00.000346) NS mask to use 0
(00.000356) sockets: Unable to set SO_SNDBUFFORCE/SO_RCVBUFFORCE, falling back to SO_SNDBUF/SO_RCVBUF
(00.000361) Collecting 51/56 (flags 3)
(00.000363) No memfd.img image
(00.000363)  `- ... done
(00.000365) Collecting 40/54 (flags 2)
(00.000370) Collected [home/luca/fmi/build/runbooks/criu-transparent-checkpoint/fmi_checkpoint_subject] ID 0x1
(00.000372) Collected [usr/lib64/libc.so.6] ID 0x2
(00.000373) Collected [usr/lib64/libstdc++.so.6.0.29] ID 0x3
(00.000374) Collected [usr/lib64/libicuuc.so.67.1] ID 0x4
(00.000375) Collected [usr/lib64/libicui18n.so.67.1] ID 0x5
(00.000376) Collected [usr/lib64/libicudata.so.67.1] ID 0x6
(00.000377) Collected [usr/lib64/libgcc_s-11-20240719.so.1] ID 0x7
(00.000379) Collected [usr/lib64/libm.so.6] ID 0x8
(00.000380) Collected [usr/lib64/libhiredis.so.1.0.0] ID 0x9
(00.000381) Collected [usr/lib64/ld-linux-x86-64.so.2] ID 0xa
(00.000382) Collected [dev/null] ID 0xb
(00.000383) Collected [home/luca/fmi/runbooks/drain-migration/runs/run213767/fmidr213767-t2p4/r1.log] ID 0xc
(00.000384) Collected pipe entry ID 0xd PIPE ID 0x742b364
(00.000388) Collected pipe entry ID 0xe PIPE ID 0x742b364
(00.000389) Collected [home/luca/fmi/runbooks/drain-migration] ID 0xf
(00.000390) Collected [.] ID 0x10
(00.000391)  `- ... done
(00.000392) Collecting 46/68 (flags 0)
(00.000393) No remap-fpath.img image
(00.000393)  `- ... done
(00.000395) No apparmor.img image
(00.000397) No cgroup.img image
(00.000402) Running pre-restore scripts
(00.000408) No pidns-1.img image
(00.000433) Forking task with 218545 pid (flags 0x0)
(00.000434) Creating process using clone3()
(00.000488) PID: real 218545 virt 218545
(00.000521) 218545: cg: Cgroup namespace inherited from parent
(00.000546) 218545: Effective capability 7 missing
(00.000547) 218545: Calling restore_sid() for init
(00.000548) 218545: Restoring 218545 to 218545 sid
(00.000563) 218545: Collecting 44/37 (flags 2)
(00.000569) 218545: No tty-info.img image
(00.000571) 218545:  `- ... done
(00.000572) 218545: Collecting 45/51 (flags 0)
(00.000573) 218545: No tty-data.img image
(00.000574) 218545:  `- ... done
(00.000574) 218545: Restoring namespaces 218545 flags 0x0
(00.000579) 218545: Preparing info about shared resources
(00.000595) 218545: Collecting 48/38 (flags 0)
(00.000600) 218545: No filelocks.img image
(00.000600) 218545:  `- ... done
(00.000601) 218545: Collecting 42/27 (flags 0)
(00.000608) 218545: Collected pipe data for 0x742b364 (chain 4)
(00.000609) 218545:  `- ... done
(00.000610) 218545: Collecting 43/27 (flags 0)
(00.000611) 218545: No fifo-data.img image
(00.000612) 218545:  `- ... done
(00.000612) 218545: Collecting 41/69 (flags 0)
(00.000613) 218545: No sk-queues.img image
(00.000614) 218545:  `- ... done
(00.000634) 218545: Found 71 VMAs in image
(00.000636) 218545: vma 0x400000 0x40d000
(00.000637) 218545: vma 0x40d000 0x53d000
(00.000638) 218545: vma 0x53d000 0x5b5000
(00.000638) 218545: vma 0x5b5000 0x5bc000
(00.000639) 218545: vma 0x5bc000 0x5bd000
(00.000639) 218545: vma 0x5bd000 0x5be000
(00.000640) 218545: vma 0x71c000 0x741000
(00.000640) 218545: vma 0x7f763c000000 0x7f763c021000
(00.000641) 218545: vma 0x7f763c021000 0x7f7640000000
(00.000641) 218545: vma 0x7f7644000000 0x7f7644021000
(00.000642) 218545: vma 0x7f7644021000 0x7f7648000000
(00.000642) 218545: vma 0x7f76485fe000 0x7f76485ff000
(00.000643) 218545: vma 0x7f76485ff000 0x7f7648dff000
(00.000643) 218545: vma 0x7f7648dff000 0x7f7648e00000
(00.000644) 218545: vma 0x7f7648e00000 0x7f7649600000
(00.000644) 218545: vma 0x7f7649600000 0x7f7649629000
(00.000645) 218545: vma 0x7f7649629000 0x7f764979e000
(00.000645) 218545: vma 0x7f764979e000 0x7f76497f7000
(00.000646) 218545: vma 0x7f76497f7000 0x7f76497fb000
(00.000646) 218545: vma 0x7f76497fb000 0x7f76497fd000
(00.000647) 218545: vma 0x7f76497fd000 0x7f764980a000
(00.000647) 218545: vma 0x7f7649a00000 0x7f7649a99000
(00.000648) 218545: vma 0x7f7649a99000 0x7f7649ba5000
(00.000648) 218545: vma 0x7f7649ba5000 0x7f7649c18000
(00.000649) 218545: vma 0x7f7649c18000 0x7f7649c25000
(00.000649) 218545: vma 0x7f7649c25000 0x7f7649c26000
(00.000650) 218545: vma 0x7f7649c26000 0x7f7649c29000
(00.000650) 218545: vma 0x7f7649e17000 0x7f7649e79000
(00.000651) 218545: vma 0x7f7649e79000 0x7f7649f63000
(00.000651) 218545: vma 0x7f7649f63000 0x7f7649feb000
(00.000652) 218545: vma 0x7f7649feb000 0x7f7649ffd000
(00.000652) 218545: vma 0x7f7649ffd000 0x7f7649ffe000
(00.000653) 218545: vma 0x7f7649ffe000 0x7f764a000000
(00.000653) 218545: vma 0x7f764a000000 0x7f764a0de000
(00.000654) 218545: vma 0x7f764a0de000 0x7f764a267000
(00.000654) 218545: vma 0x7f764a267000 0x7f764a2f4000
(00.000655) 218545: vma 0x7f764a2f4000 0x7f764a304000
(00.000655) 218545: vma 0x7f764a304000 0x7f764a305000
(00.000656) 218545: vma 0x7f764a305000 0x7f764a306000
(00.000656) 218545: vma 0x7f764a400000 0x7f764a401000
(00.000657) 218545: vma 0x7f764a401000 0x7f764a402000
(00.000657) 218545: vma 0x7f764a402000 0x7f764bf17000
(00.000658) 218545: vma 0x7f764bf17000 0x7f764bf18000
(00.000658) 218545: vma 0x7f764bf18000 0x7f764bf19000
(00.000659) 218545: vma 0x7f764bf81000 0x7f764bf86000
(00.000660) 218545: vma 0x7f764bf86000 0x7f764bf89000
(00.000660) 218545: vma 0x7f764bf89000 0x7f764bf9d000
(00.000661) 218545: vma 0x7f764bf9d000 0x7f764bfa1000
(00.000661) 218545: vma 0x7f764bfa1000 0x7f764bfa2000
(00.000662) 218545: vma 0x7f764bfa2000 0x7f764bfa3000
(00.000663) 218545: vma 0x7f764bfa3000 0x7f764bfb0000
(00.000663) 218545: vma 0x7f764bfb0000 0x7f764c022000
(00.000664) 218545: vma 0x7f764c022000 0x7f764c07e000
(00.000664) 218545: vma 0x7f764c07e000 0x7f764c07f000
(00.000665) 218545: vma 0x7f764c07f000 0x7f764c080000
(00.000665) 218545: vma 0x7f764c080000 0x7f764c082000
(00.000666) 218545: vma 0x7f764c082000 0x7f764c085000
(00.000666) 218545: vma 0x7f764c085000 0x7f764c091000
(00.000667) 218545: vma 0x7f764c091000 0x7f764c095000
(00.000667) 218545: vma 0x7f764c095000 0x7f764c096000
(00.000668) 218545: vma 0x7f764c096000 0x7f764c097000
(00.000668) 218545: vma 0x7f764c09d000 0x7f764c09f000
(00.000669) 218545: vma 0x7f764c09f000 0x7f764c0a1000
(00.000669) 218545: vma 0x7f764c0a1000 0x7f764c0ca000
(00.000670) 218545: vma 0x7f764c0ca000 0x7f764c0d6000
(00.000670) 218545: vma 0x7f764c0d6000 0x7f764c0d8000
(00.000671) 218545: vma 0x7f764c0d8000 0x7f764c0da000
(00.000671) 218545: vma 0x7fff72567000 0x7fff72588000
(00.000673) 218545: vma 0x7fff725b3000 0x7fff725b7000
(00.000674) 218545: vma 0x7fff725b7000 0x7fff725b9000
(00.000675) 218545: vma 0xffffffffff600000 0xffffffffff601000
(00.000678) 218545: Collect fdinfo pid=218545 fd=0 id=0xb
(00.000680) 218545: Collect fdinfo pid=218545 fd=1 id=0xc
(00.000681) 218545: Collect fdinfo pid=218545 fd=2 id=0xc
(00.000682) 218545: Collect fdinfo pid=218545 fd=4 id=0xd
(00.000682) 218545: Collect fdinfo pid=218545 fd=5 id=0xe
(00.000701) 218545: skqueue: Preparing SCMs
(00.000702) 218545: Pipes:
(00.000703) 218545:  `- PIPE ID 0x742b364
(00.000704) 218545:   `- ID 0x1da85d0 0xd
(00.000704) 218545:    `- FD 4 pid 218545
(00.000705) 218545:   `- ID 0x1da8550 0xe
(00.000706) 218545:    `- FD 5 pid 218545
(00.000706) 218545:     by 0xd
(00.000707) 218545: unix: ghost: Resolving addresses
(00.000708) 218545: File descs:
(00.000709) 218545:  `- type 1 ID 0x1
(00.000709) 218545:  `- type 1 ID 0x2
(00.000710) 218545:  `- type 1 ID 0x3
(00.000710) 218545:  `- type 1 ID 0x4
(00.000711) 218545:  `- type 1 ID 0x5
(00.000711) 218545:  `- type 1 ID 0x6
(00.000712) 218545:  `- type 1 ID 0x7
(00.000712) 218545:  `- type 1 ID 0x8
(00.000713) 218545:  `- type 1 ID 0x9
(00.000713) 218545:  `- type 1 ID 0xa
(00.000714) 218545:  `- type 1 ID 0xb
(00.000714) 218545:    `- FD 0 pid 218545
(00.000715) 218545:  `- type 1 ID 0xc
(00.000715) 218545:    `- FD 1 pid 218545
(00.000716) 218545:    `- FD 2 pid 218545
(00.000716) 218545:  `- type 2 ID 0xd
(00.000716) 218545:    `- FD 4 pid 218545
(00.000717) 218545:  `- type 2 ID 0xe
(00.000717) 218545:    `- FD 5 pid 218545
(00.000718) 218545:  `- type 1 ID 0xf
(00.000718) 218545:  `- type 1 ID 0x10
(00.000755) 218545: No parent images directory provided
(00.000760) 218545: Opened local page read 1 (parent 0)
(00.000764) 218545: Enqueue page-read
(00.000765) 218545: Enqueue page-read
(00.000765) 218545: Enqueue page-read
(00.000766) 218545: Enqueue page-read
(00.000766) 218545: Enqueue page-read
(00.000767) 218545: Enqueue page-read
(00.000767) 218545: Enqueue page-read
(00.000767) 218545: Enqueue page-read
(00.000768) 218545: Enqueue page-read
(00.000768) 218545: Enqueue page-read
(00.000769) 218545: Enqueue page-read
(00.000769) 218545: Enqueue page-read
(00.000770) 218545: Enqueue page-read
(00.000770) 218545: Enqueue page-read
(00.000771) 218545: Enqueue page-read
(00.000771) 218545: Enqueue page-read
(00.000772) 218545: Enqueue page-read
(00.000772) 218545: Enqueue page-read
(00.000772) 218545: Enqueue page-read
(00.000773) 218545: Enqueue page-read
(00.000773) 218545: Enqueue page-read
(00.000774) 218545: Enqueue page-read
(00.000774) 218545: Enqueue page-read
(00.000775) 218545: Enqueue page-read
(00.000775) 218545: Enqueue page-read
(00.000776) 218545: Enqueue page-read
(00.000776) 218545: Enqueue page-read
(00.000777) 218545: Enqueue page-read
(00.000777) 218545: Enqueue page-read
(00.000777) 218545: Enqueue page-read
(00.000778) 218545: Enqueue page-read
(00.000778) 218545: Enqueue page-read
(00.000779) 218545: Enqueue page-read
(00.000779) 218545: Enqueue page-read
(00.000780) 218545: Enqueue page-read
(00.000780) 218545: Enqueue page-read
(00.000781) 218545: Enqueue page-read
(00.000781) 218545: Enqueue page-read
(00.000781) 218545: Enqueue page-read
(00.000782) 218545: Enqueue page-read
(00.000784) 218545: nr_restored_pages: 147
(00.000784) 218545: nr_shared_pages:   0
(00.000785) 218545: nr_dropped_pages:   0
(00.000785) 218545: nr_lazy:           0
(00.000789) 218545: Shrunk premap area to 0x7fd073df2000(0)
(00.000790) 218545: Restore on-core sigactions for 218545
(00.000804) 218545: Restoring children in alien sessions:
(00.000805) 218545: Restoring children in our session:
(00.000809) 218545: Restoring 218545 to 218545 pgid
(00.000811) 218545: Restoring resources
(00.000814) 218545: Opening fdinfo-s
(00.000820) 218545: 		Create fd for 0
(00.000823) 218545: File home/luca/fmi/runbooks/drain-migration/runs/run213767/fmidr213767-t2p4/r1.log could only be validated with file size
(00.000824) 218545: 		Create fd for 1
(00.000825) 218545: 			Going to dup 1 into 2
(00.000827) 218545: 	Receive fd for 2
(00.000827) 218545: 		Creating pipe pipe_id=0x742b364 id=0xd
(00.000831) 218545: Restoring size 0x10000 for 0x742b364
(00.000833) 218545: 		Send fd 4 to /crtools-fd-218545-effffffc000355c1
(00.000840) 218545: 		Create fd for 4
(00.000840) 218545: 		Creating pipe pipe_id=0x742b364 id=0xe
(00.000843) 218545: Further fle=0x7fd080098988, pid=218545
(00.000844) 218545: 		Create fd for 5
(00.000845) 218545: Opening 0x00000000400000-0x0000000040d000 0000000000000000 (41) vma
(00.000855) 218545: Opening 0x0000000040d000-0x0000000053d000 0x0000000000d000 (41) vma
(00.000856) 218545: Opening 0x0000000053d000-0x000000005b5000 0x0000000013d000 (20000041) vma
(00.000857) 218545: Opening 0x000000005b5000-0x000000005bc000 0x000000001b5000 (41) vma
(00.000857) 218545: Opening 0x000000005bc000-0x000000005bd000 0x000000001bc000 (41) vma
(00.000858) 218545: Opening 0x007f7649600000-0x007f7649629000 0000000000000000 (20000041) vma
(00.000864) 218545: Opening 0x007f7649629000-0x007f764979e000 0x00000000029000 (20000041) vma
(00.000865) 218545: Opening 0x007f764979e000-0x007f76497f7000 0x0000000019e000 (41) vma
(00.000865) 218545: Opening 0x007f76497f7000-0x007f76497fb000 0x000000001f6000 (41) vma
(00.000866) 218545: Opening 0x007f76497fb000-0x007f76497fd000 0x000000001fa000 (41) vma
(00.000866) 218545: Opening 0x007f7649a00000-0x007f7649a99000 0000000000000000 (20000041) vma
(00.000872) 218545: Opening 0x007f7649a99000-0x007f7649ba5000 0x00000000099000 (20000041) vma
(00.000873) 218545: Opening 0x007f7649ba5000-0x007f7649c18000 0x000000001a5000 (41) vma
(00.000873) 218545: Opening 0x007f7649c18000-0x007f7649c25000 0x00000000217000 (41) vma
(00.000874) 218545: Opening 0x007f7649c25000-0x007f7649c26000 0x00000000224000 (41) vma
(00.000874) 218545: Opening 0x007f7649e17000-0x007f7649e79000 0000000000000000 (20000041) vma
(00.000879) 218545: Opening 0x007f7649e79000-0x007f7649f63000 0x00000000062000 (20000041) vma
(00.000880) 218545: Opening 0x007f7649f63000-0x007f7649feb000 0x0000000014c000 (41) vma
(00.000881) 218545: Opening 0x007f7649feb000-0x007f7649ffd000 0x000000001d4000 (41) vma
(00.000881) 218545: Opening 0x007f7649ffd000-0x007f7649ffe000 0x000000001e6000 (41) vma
(00.000882) 218545: Opening 0x007f764a000000-0x007f764a0de000 0000000000000000 (20000041) vma
(00.000887) 218545: Opening 0x007f764a0de000-0x007f764a267000 0x000000000de000 (20000041) vma
(00.000888) 218545: Opening 0x007f764a267000-0x007f764a2f4000 0x00000000267000 (41) vma
(00.000888) 218545: Opening 0x007f764a2f4000-0x007f764a304000 0x000000002f4000 (41) vma
(00.000889) 218545: Opening 0x007f764a304000-0x007f764a305000 0x00000000304000 (41) vma
(00.000889) 218545: Opening 0x007f764a400000-0x007f764a401000 0000000000000000 (20000041) vma
(00.000895) 218545: Opening 0x007f764a401000-0x007f764a402000 0x00000000001000 (20000041) vma
(00.000896) 218545: Opening 0x007f764a402000-0x007f764bf17000 0x00000000002000 (41) vma
(00.000896) 218545: Opening 0x007f764bf17000-0x007f764bf18000 0x00000001b16000 (41) vma
(00.000897) 218545: Opening 0x007f764bf86000-0x007f764bf89000 0000000000000000 (20000041) vma
(00.000905) 218545: Opening 0x007f764bf89000-0x007f764bf9d000 0x00000000003000 (20000041) vma
(00.000905) 218545: Opening 0x007f764bf9d000-0x007f764bfa1000 0x00000000017000 (41) vma
(00.000906) 218545: Opening 0x007f764bfa1000-0x007f764bfa2000 0x0000000001a000 (41) vma
(00.000907) 218545: Opening 0x007f764bfa3000-0x007f764bfb0000 0000000000000000 (20000041) vma
(00.000912) 218545: Opening 0x007f764bfb0000-0x007f764c022000 0x0000000000d000 (20000041) vma
(00.000913) 218545: Opening 0x007f764c022000-0x007f764c07e000 0x0000000007f000 (41) vma
(00.000913) 218545: Opening 0x007f764c07e000-0x007f764c07f000 0x000000000da000 (41) vma
(00.000914) 218545: Opening 0x007f764c07f000-0x007f764c080000 0x000000000db000 (41) vma
(00.000914) 218545: Opening 0x007f764c082000-0x007f764c085000 0000000000000000 (20000041) vma
(00.000920) 218545: Opening 0x007f764c085000-0x007f764c091000 0x00000000003000 (20000041) vma
(00.000921) 218545: Opening 0x007f764c091000-0x007f764c095000 0x0000000000f000 (41) vma
(00.000922) 218545: Opening 0x007f764c095000-0x007f764c096000 0x00000000012000 (41) vma
(00.000923) 218545: Opening 0x007f764c096000-0x007f764c097000 0x00000000013000 (41) vma
(00.000923) 218545: Opening 0x007f764c09f000-0x007f764c0a1000 0000000000000000 (20000041) vma
(00.000929) 218545: Opening 0x007f764c0a1000-0x007f764c0ca000 0x00000000002000 (20000041) vma
(00.000929) 218545: Opening 0x007f764c0ca000-0x007f764c0d6000 0x0000000002b000 (41) vma
(00.000930) 218545: Opening 0x007f764c0d6000-0x007f764c0d8000 0x00000000037000 (41) vma
(00.000931) 218545: Opening 0x007f764c0d8000-0x007f764c0da000 0x00000000039000 (41) vma
(00.000966) 218545: `- render 27 iovs (0x40d000:4096...)
(00.000967) 218545: Restore via sigreturn
(00.000994) 218545: Parsed 400000-426000 vma
(00.000995) 218545: Parsed 400000-4d8000 vma
(00.000995) 218545: Parsed 400000-54c000 vma
(00.000996) 218545: Parsed 400000-56b000 vma
(00.000996) 218545: Parsed 400000-573000 vma
(00.000997) 218545: Parsed 400000-5a6000 vma
(00.000998) 218545: Parsed 1d85000-1dc7000 vma
(00.000998) 218545: Parsed 7fd07f58c000-7fd07f59a000 vma
(00.000999) 218545: Parsed 7fd07f58c000-7fd07f5c8000 vma
(00.001000) 218545: Parsed 7fd07f58c000-7fd07f5e0000 vma
(00.001000) 218545: Parsed 7fd07f58c000-7fd07f5e2000 vma
(00.001001) 218545: Parsed 7fd07f58c000-7fd07f5e3000 vma
(00.001002) 218545: Parsed 7fd07f58c000-7fd07f5eb000 vma
(00.001002) 218545: Parsed 7fd07f58c000-7fd07f64f000 vma
(00.001003) 218545: Parsed 7fd07f58c000-7fd07f678000 vma
(00.001003) 218545: Parsed 7fd07f58c000-7fd07f67a000 vma
(00.001004) 218545: Parsed 7fd07f58c000-7fd07f67b000 vma
(00.001004) 218545: Parsed 7fd07f58c000-7fd07f68c000 vma
(00.001005) 218545: Parsed 7fd07f58c000-7fd07f6c4000 vma
(00.001006) 218545: Parsed 7fd07f58c000-7fd07f7fb000 vma
(00.001006) 218545: Parsed 7fd07f58c000-7fd07f7ff000 vma
(00.001007) 218545: Parsed 7fd07f58c000-7fd07f800000 vma
(00.001007) 218545: Parsed 7fd07f58c000-7fd07f829000 vma
(00.001008) 218545: Parsed 7fd07f58c000-7fd07f99e000 vma
(00.001009) 218545: Parsed 7fd07f58c000-7fd07f9f7000 vma
(00.001009) 218545: Parsed 7fd07f58c000-7fd07f9fb000 vma
(00.001010) 218545: Parsed 7fd07f58c000-7fd07f9fd000 vma
(00.001010) 218545: Parsed 7fd07f58c000-7fd07fa0a000 vma
(00.001011) 218545: Parsed 7fd07fa31000-7fd07fa70000 vma
(00.001012) 218545: Parsed 7fd07fa31000-7fd07fb5a000 vma
(00.001012) 218545: Parsed 7fd07fa31000-7fd07fbe1000 vma
(00.001013) 218545: Parsed 7fd07fa31000-7fd07fbf1000 vma
(00.001013) 218545: Parsed 7fd07fa31000-7fd07fc00000 vma
(00.001014) 218545: Parsed 7fd07fa31000-7fd07fc39000 vma
(00.001015) 218545: Parsed 7fd07fa31000-7fd07fe20000 vma
(00.001015) 218545: Parsed 7fd07fa31000-7fd07febe000 vma
(00.001016) 218545: Parsed 7fd07fa31000-7fd07fed0000 vma
(00.001016) 218545: Parsed 7fd07fa31000-7fd07fed4000 vma
(00.001017) 218545: Parsed 7fd07fa31000-7fd07fed8000 vma
(00.001017) 218545: Parsed 7fd07fef3000-7fd07fef7000 vma
(00.001018) 218545: Parsed 7fd07fef9000-7fd07ff05000 vma
(00.001019) 218545: Parsed 7fd07fef9000-7fd07ff1a000 vma
(00.001019) 218545: Parsed 7fd07fef9000-7fd07ff1c000 vma
(00.001020) 218545: Parsed 7fd07fef9000-7fd07ff22000 vma
(00.001030) 218545: Parsed 7fd07fef9000-7fd07ff23000 vma
(00.001030) 218545: Parsed 7fd07fef9000-7fd07ff24000 vma
(00.001031) 218545: Parsed 7fd07fef9000-7fd07ff25000 vma
(00.001032) 218545: Parsed 7fd07fef9000-7fd07ff26000 vma
(00.001032) 218545: Parsed 7fd07fef9000-7fd07ff29000 vma
(00.001033) 218545: Parsed 7fd07fef9000-7fd07ff37000 vma
(00.001033) 218545: Parsed 7fd07fef9000-7fd07ff3b000 vma
(00.001034) 218545: Parsed 7fd07fef9000-7fd07ff3c000 vma
(00.001035) 218545: Parsed 7fd07fef9000-7fd07ff3f000 vma
(00.001035) 218545: Parsed 7fd07fef9000-7fd07ff41000 vma
(00.001036) 218545: Parsed 7fd07fef9000-7fd07ff45000 vma
(00.001036) 218545: Parsed 7fd07fef9000-7fd07ff5e000 vma
(00.001037) 218545: Parsed 7fd07fef9000-7fd07ff5f000 vma
(00.001037) 218545: Parsed 7fd07fef9000-7fd07ff60000 vma
(00.001038) 218545: Parsed 7fd07fef9000-7fd07ff62000 vma
(00.001039) 218545: Parsed 7fd07fef9000-7fd07ffcf000 vma
(00.001040) 218545: Parsed 7fd07fef9000-7fd07fffa000 vma
(00.001041) 218545: Parsed 7fd07fef9000-7fd07fffb000 vma
(00.001041) 218545: Parsed 7fd07fef9000-7fd07fffc000 vma
(00.001042) 218545: Parsed 7fd07fef9000-7fd07ffff000 vma
(00.001042) 218545: Parsed 7fd07fef9000-7fd080013000 vma
(00.001043) 218545: Parsed 7fd07fef9000-7fd080017000 vma
(00.001044) 218545: Parsed 7fd07fef9000-7fd080018000 vma
(00.001044) 218545: Parsed 7fd07fef9000-7fd080019000 vma
(00.001045) 218545: Parsed 7fd07fef9000-7fd08001d000 vma
(00.001045) 218545: Parsed 7fd07fef9000-7fd08002b000 vma
(00.001046) 218545: Parsed 7fd07fef9000-7fd080031000 vma
(00.001047) 218545: Parsed 7fd07fef9000-7fd080032000 vma
(00.001047) 218545: Parsed 7fd07fef9000-7fd080037000 vma
(00.001048) 218545: Parsed 7fd07fef9000-7fd080040000 vma
(00.001048) 218545: Parsed 7fd07fef9000-7fd080050000 vma
(00.001049) 218545: Parsed 7fd07fef9000-7fd080059000 vma
(00.001049) 218545: Parsed 7fd07fef9000-7fd08005b000 vma
(00.001050) 218545: Parsed 7fd07fef9000-7fd08005c000 vma
(00.001051) 218545: Parsed 7fd07fef9000-7fd08005d000 vma
(00.001051) 218545: Parsed 7fd07fef9000-7fd080063000 vma
(00.001052) 218545: Parsed 7fd07fef9000-7fd080064000 vma
(00.001052) 218545: Parsed 7fd07fef9000-7fd080065000 vma
(00.001053) 218545: Parsed 7fd07fef9000-7fd080066000 vma
(00.001053) 218545: Parsed 7fd07fef9000-7fd080067000 vma
(00.001054) 218545: Parsed 7fd07fef9000-7fd08006d000 vma
(00.001059) 218545: Parsed 7fd07fef9000-7fd080088000 vma
(00.001059) 218545: Parsed 7fd07fef9000-7fd080090000 vma
(00.001060) 218545: Parsed 7fd07fef9000-7fd080091000 vma
(00.001060) 218545: Parsed 7fd07fef9000-7fd080092000 vma
(00.001061) 218545: Parsed 7fd07fef9000-7fd080094000 vma
(00.001062) 218545: Parsed 7fd080095000-7fd080096000 vma
(00.001062) 218545: Parsed 7fd080095000-7fd080098000 vma
(00.001063) 218545: Parsed 7fd080095000-7fd08009a000 vma
(00.001063) 218545: Parsed 7fd080095000-7fd08009c000 vma
(00.001064) 218545: Parsed 7fd080095000-7fd08009e000 vma
(00.001064) 218545: Parsed 7fd080095000-7fd0800c7000 vma
(00.001065) 218545: Parsed 7fd080095000-7fd0800d3000 vma
(00.001066) 218545: Parsed 7fd080095000-7fd0800d5000 vma
(00.001066) 218545: Parsed 7fd080095000-7fd0800d7000 vma
(00.001067) 218545: Parsed 7ffc95eae000-7ffc95ecf000 vma
(00.001068) 218545: Parsed 7ffc95f57000-7ffc95f5b000 vma
(00.001068) 218545: Parsed 7ffc95f57000-7ffc95f5d000 vma
(00.001069) 218545: Parsed ffffffffff600000-ffffffffff601000 vma
(00.001070) 218545: 3 threads require 228K of memory
(00.001071) 218545: Found bootstrap VMA hint at: 0x10000 (needs ~252K)
(00.001104) 218545: 	call mremap(0x7fd07fef3000, 16384, 16384, MAYMOVE | FIXED, 0x43000)
(00.001109) 218545: 	call mremap(0x7fd080096000, 8192, 8192, MAYMOVE | FIXED, 0x47000)
(00.001115) 218545: x86: xsave runtime structure
(00.001116) 218545: x86: -----------------------
(00.001116) 218545: x86: cwd:0x37f swd:0 twd:0 fop:0 mxcsr:0x1fa0 mxcsr_mask:0x2ffff
(00.001117) 218545: x86: magic1:0x46505853 extended_size:2444 xstate_bv:0x2a3 xstate_size:2440
(00.001118) 218545: x86: xstate_bv: 0x2a3
(00.001119) 218545: x86: -----------------------
(00.001119) 218545: Thread    0 stack  0x1c080 rt_sigframe  0x24080
(00.001121) 218545: x86: xsave runtime structure
(00.001121) 218545: x86: -----------------------
(00.001122) 218545: x86: cwd:0x37f swd:0 twd:0 fop:0 mxcsr:0x1fa0 mxcsr_mask:0x2ffff
(00.001122) 218545: x86: magic1:0x46505853 extended_size:2444 xstate_bv:0x2a3 xstate_size:2440
(00.001123) 218545: x86: xstate_bv: 0x2a3
(00.001123) 218545: x86: -----------------------
(00.001125) 218545: Thread    1 stack  0x288c0 rt_sigframe  0x308c0
(00.001126) 218545: x86: xsave runtime structure
(00.001126) 218545: x86: -----------------------
(00.001127) 218545: x86: cwd:0x37f swd:0 twd:0 fop:0 mxcsr:0x1fa0 mxcsr_mask:0x2ffff
(00.001127) 218545: x86: magic1:0x46505853 extended_size:2444 xstate_bv:0x2a3 xstate_size:2440
(00.001128) 218545: x86: xstate_bv: 0x2a3
(00.001128) 218545: x86: -----------------------
(00.001130) 218545: Thread    2 stack  0x35100 rt_sigframe  0x3d100
(00.001139) 218545: Restoring umask to 22
(00.001145) 218545: task_args: 0x42000
task_args->pid: 218545
task_args->nr_threads: 3
task_args->clone_restore_fn: 0x12060
task_args->thread_args: 0x42580
(00.001147) pie: 218545: Switched to the restorer 218545
(00.001220) pie: 218545: Mapping native vDSO at 0x49000
(00.001222) pie: 218545: vdso: Using gettimeofday() on vdso at 0x4de00
(00.001227) pie: 218545: 	mmap(0x400000 -> 0x40d000, 0x3 0x12 3)
(00.001229) pie: 218545: 	mmap(0x40d000 -> 0x53d000, 0x7 0x12 3)
(00.001244) pie: 218545: 	mmap(0x53d000 -> 0x5b5000, 0x1 0x12 3)
(00.001247) pie: 218545: 	mmap(0x5b5000 -> 0x5bc000, 0x3 0x12 3)
(00.001248) pie: 218545: 	mmap(0x5bc000 -> 0x5bd000, 0x3 0x12 3)
(00.001250) pie: 218545: 	mmap(0x5bd000 -> 0x5be000, 0x3 0x32 -1)
(00.001251) pie: 218545: 	mmap(0x71c000 -> 0x741000, 0x3 0x32 -1)
(00.001253) pie: 218545: 	mmap(0x7f763c000000 -> 0x7f763c021000, 0x3 0x32 -1)
(00.001254) pie: 218545: 	mmap(0x7f763c021000 -> 0x7f7640000000, 0x0 0x32 -1)
(00.001256) pie: 218545: 	mmap(0x7f7644000000 -> 0x7f7644021000, 0x3 0x32 -1)
(00.001257) pie: 218545: 	mmap(0x7f7644021000 -> 0x7f7648000000, 0x0 0x32 -1)
(00.001258) pie: 218545: 	mmap(0x7f76485fe000 -> 0x7f76485ff000, 0x0 0x32 -1)
(00.001259) pie: 218545: 	mmap(0x7f76485ff000 -> 0x7f7648dff000, 0x3 0x32 -1)
(00.001260) pie: 218545: 	mmap(0x7f7648dff000 -> 0x7f7648e00000, 0x0 0x32 -1)
(00.001263) pie: 218545: 	mmap(0x7f7648e00000 -> 0x7f7649600000, 0x3 0x32 -1)
(00.001264) pie: 218545: 	mmap(0x7f7649600000 -> 0x7f7649629000, 0x1 0x12 6)
(00.001266) pie: 218545: 	mmap(0x7f7649629000 -> 0x7f764979e000, 0x5 0x12 6)
(00.001267) pie: 218545: 	mmap(0x7f764979e000 -> 0x7f76497f7000, 0x3 0x12 6)
(00.001269) pie: 218545: 	mmap(0x7f76497f7000 -> 0x7f76497fb000, 0x3 0x12 6)
(00.001270) pie: 218545: 	mmap(0x7f76497fb000 -> 0x7f76497fd000, 0x3 0x12 6)
(00.001272) pie: 218545: 	mmap(0x7f76497fd000 -> 0x7f764980a000, 0x3 0x32 -1)
(00.001274) pie: 218545: 	mmap(0x7f7649a00000 -> 0x7f7649a99000, 0x1 0x12 7)
(00.001275) pie: 218545: 	mmap(0x7f7649a99000 -> 0x7f7649ba5000, 0x5 0x12 7)
(00.001277) pie: 218545: 	mmap(0x7f7649ba5000 -> 0x7f7649c18000, 0x3 0x12 7)
(00.001279) pie: 218545: 	mmap(0x7f7649c18000 -> 0x7f7649c25000, 0x3 0x12 7)
(00.001280) pie: 218545: 	mmap(0x7f7649c25000 -> 0x7f7649c26000, 0x3 0x12 7)
(00.001281) pie: 218545: 	mmap(0x7f7649c26000 -> 0x7f7649c29000, 0x3 0x32 -1)
(00.001282) pie: 218545: 	mmap(0x7f7649e17000 -> 0x7f7649e79000, 0x1 0x12 8)
(00.001284) pie: 218545: 	mmap(0x7f7649e79000 -> 0x7f7649f63000, 0x5 0x12 8)
(00.001286) pie: 218545: 	mmap(0x7f7649f63000 -> 0x7f7649feb000, 0x3 0x12 8)
(00.001287) pie: 218545: 	mmap(0x7f7649feb000 -> 0x7f7649ffd000, 0x3 0x12 8)
(00.001288) pie: 218545: 	mmap(0x7f7649ffd000 -> 0x7f7649ffe000, 0x3 0x12 8)
(00.001289) pie: 218545: 	mmap(0x7f7649ffe000 -> 0x7f764a000000, 0x3 0x32 -1)
(00.001291) pie: 218545: 	mmap(0x7f764a000000 -> 0x7f764a0de000, 0x1 0x12 9)
(00.001292) pie: 218545: 	mmap(0x7f764a0de000 -> 0x7f764a267000, 0x5 0x12 9)
(00.001293) pie: 218545: 	mmap(0x7f764a267000 -> 0x7f764a2f4000, 0x3 0x12 9)
(00.001294) pie: 218545: 	mmap(0x7f764a2f4000 -> 0x7f764a304000, 0x3 0x12 9)
(00.001295) pie: 218545: 	mmap(0x7f764a304000 -> 0x7f764a305000, 0x3 0x12 9)
(00.001296) pie: 218545: 	mmap(0x7f764a305000 -> 0x7f764a306000, 0x3 0x32 -1)
(00.001298) pie: 218545: 	mmap(0x7f764a400000 -> 0x7f764a401000, 0x1 0x12 10)
(00.001300) pie: 218545: 	mmap(0x7f764a401000 -> 0x7f764a402000, 0x5 0x12 10)
(00.001301) pie: 218545: 	mmap(0x7f764a402000 -> 0x7f764bf17000, 0x3 0x12 10)
(00.001302) pie: 218545: 	mmap(0x7f764bf17000 -> 0x7f764bf18000, 0x3 0x12 10)
(00.001304) pie: 218545: 	mmap(0x7f764bf18000 -> 0x7f764bf19000, 0x3 0x32 -1)
(00.001305) pie: 218545: 	mmap(0x7f764bf81000 -> 0x7f764bf86000, 0x3 0x32 -1)
(00.001306) pie: 218545: 	mmap(0x7f764bf86000 -> 0x7f764bf89000, 0x1 0x12 11)
(00.001308) pie: 218545: 	mmap(0x7f764bf89000 -> 0x7f764bf9d000, 0x5 0x12 11)
(00.001309) pie: 218545: 	mmap(0x7f764bf9d000 -> 0x7f764bfa1000, 0x3 0x12 11)
(00.001310) pie: 218545: 	mmap(0x7f764bfa1000 -> 0x7f764bfa2000, 0x3 0x12 11)
(00.001312) pie: 218545: 	mmap(0x7f764bfa2000 -> 0x7f764bfa3000, 0x3 0x32 -1)
(00.001314) pie: 218545: 	mmap(0x7f764bfa3000 -> 0x7f764bfb0000, 0x1 0x12 12)
(00.001315) pie: 218545: 	mmap(0x7f764bfb0000 -> 0x7f764c022000, 0x5 0x12 12)
(00.001318) pie: 218545: 	mmap(0x7f764c022000 -> 0x7f764c07e000, 0x3 0x12 12)
(00.001319) pie: 218545: 	mmap(0x7f764c07e000 -> 0x7f764c07f000, 0x3 0x12 12)
(00.001320) pie: 218545: 	mmap(0x7f764c07f000 -> 0x7f764c080000, 0x3 0x12 12)
(00.001322) pie: 218545: 	mmap(0x7f764c080000 -> 0x7f764c082000, 0x3 0x32 -1)
(00.001323) pie: 218545: 	mmap(0x7f764c082000 -> 0x7f764c085000, 0x1 0x12 13)
(00.001324) pie: 218545: 	mmap(0x7f764c085000 -> 0x7f764c091000, 0x5 0x12 13)
(00.001325) pie: 218545: 	mmap(0x7f764c091000 -> 0x7f764c095000, 0x3 0x12 13)
(00.001326) pie: 218545: 	mmap(0x7f764c095000 -> 0x7f764c096000, 0x3 0x12 13)
(00.001328) pie: 218545: 	mmap(0x7f764c096000 -> 0x7f764c097000, 0x3 0x12 13)
(00.001329) pie: 218545: 	mmap(0x7f764c09d000 -> 0x7f764c09f000, 0x3 0x32 -1)
(00.001331) pie: 218545: 	mmap(0x7f764c09f000 -> 0x7f764c0a1000, 0x1 0x12 14)
(00.001332) pie: 218545: 	mmap(0x7f764c0a1000 -> 0x7f764c0ca000, 0x5 0x12 14)
(00.001333) pie: 218545: 	mmap(0x7f764c0ca000 -> 0x7f764c0d6000, 0x3 0x12 14)
(00.001335) pie: 218545: 	mmap(0x7f764c0d6000 -> 0x7f764c0d8000, 0x3 0x12 14)
(00.001336) pie: 218545: 	mmap(0x7f764c0d8000 -> 0x7f764c0da000, 0x3 0x12 14)
(00.001337) pie: 218545: 	mmap(0x7fff72567000 -> 0x7fff72588000, 0x3 0x132 -1)
(00.001338) pie: 218545: 	mmap(0x7fff725b3000 -> 0x7fff725b7000, 0x3 0x32 -1)
(00.001341) pie: 218545: 	mmap(0x7fff725b7000 -> 0x7fff725b9000, 0x7 0x32 -1)
(00.001342) pie: 218545: Preadv 0x40d000:4096... (27 iovs)
(00.001491) pie: 218545: `- returned 602112
(00.001492) pie: 218545:    `- skip pagemap
(00.001493) pie: 218545:    `- skip pagemap
(00.001493) pie: 218545:    `- skip pagemap
(00.001494) pie: 218545:    `- skip pagemap
(00.001494) pie: 218545:    `- skip pagemap
(00.001495) pie: 218545:    `- skip pagemap
(00.001495) pie: 218545:    `- skip pagemap
(00.001496) pie: 218545:    `- skip pagemap
(00.001496) pie: 218545:    `- skip pagemap
(00.001497) pie: 218545:    `- skip pagemap
(00.001497) pie: 218545:    `- skip pagemap
(00.001498) pie: 218545:    `- skip pagemap
(00.001498) pie: 218545:    `- skip pagemap
(00.001499) pie: 218545:    `- skip pagemap
(00.001499) pie: 218545:    `- skip pagemap
(00.001500) pie: 218545:    `- skip pagemap
(00.001500) pie: 218545:    `- skip pagemap
(00.001501) pie: 218545:    `- skip pagemap
(00.001501) pie: 218545:    `- skip pagemap
(00.001502) pie: 218545:    `- skip pagemap
(00.001502) pie: 218545:    `- skip pagemap
(00.001502) pie: 218545:    `- skip pagemap
(00.001503) pie: 218545:    `- skip pagemap
(00.001503) pie: 218545:    `- skip pagemap
(00.001504) pie: 218545:    `- skip pagemap
(00.001504) pie: 218545:    `- skip pagemap
(00.001505) pie: 218545:    `- skip pagemap
(00.001506) pie: 218545: vdso: Parsing at 0x7fff725b7000 0x7fff725b9000
(00.001507) pie: 218545: vdso: PT_LOAD p_vaddr: 0x0
(00.001507) pie: 218545: vdso: DT_HASH: 0x120
(00.001508) pie: 218545: vdso: DT_STRTAB: 0x300
(00.001508) pie: 218545: vdso: DT_SYMTAB: 0x1c8
(00.001509) pie: 218545: vdso: DT_STRSZ: 0x8b
(00.001510) pie: 218545: vdso: DT_SYMENT: 0x18
(00.001510) pie: 218545: vdso: nbucket 0x3 nchain 0xd bucket 0x7fff725b7128 chain 0x7fff725b7134
(00.001512) pie: 218545: vdso: image [vdso] 0x7fff725b7000-0x7fff725b9000 [vvar] 0x7fff725b3000-0x7fff725b7000
(00.001512) pie: 218545: vdso: Runtime vdso/vvar matches dumpee, remap inplace
(00.001517) pie: 218545: vdso: Remap rt-vdso 0x4d000 -> 0x7fff725b7000
(00.001522) pie: 218545: vdso: Remap rt-vvar 0x49000 -> 0x7fff725b3000
(00.001524) pie: 218545: vdso: Using gettimeofday() on vdso at 0x7fff725b7e00
(00.001554) pie: 218545: restoring lsm profile (current) unconfined_u:unconfined_r:unconfined_t:s0-s0:c0.c1023
(00.001570) pie: 218545: Restoring scheduler params 0.5.0
(00.001574) pie: 218545: rseq: rseq_abi_pointer = 0x7f764bf82120 signature = 0x53053053
(00.001575) pie: 218545: Using clone3 to restore the process
(00.001592) pie: 218545: Using clone3 to restore the process
(00.001596) pie: 218549: Restoring scheduler params 0.5.0
(00.001603) pie: 218545: 218545: Restored
(00.001606) pie: 218551: Restoring scheduler params 0.5.0
(00.001622) pie: 218549: rseq: rseq_abi_pointer = 0x7f76495fffe0 signature = 0x53053053
(00.001625) pie: 218549: 218549: Restored
(00.001626) pie: 218551: rseq: rseq_abi_pointer = 0x7f7648dfefe0 signature = 0x53053053
(00.001628) pie: 218551: 218551: Restored
(00.001647) Running post-restore scripts
(00.001648) net: Unlock network
(00.001683) pie: 218551: seccomp: mode 0 on tid 218551
(00.001683) pie: 218545: seccomp: mode 0 on tid 218545
(00.001683) pie: 218549: seccomp: mode 0 on tid 218549
(00.001725) 218551 was trapped
(00.001731) 218549 was trapped
(00.001733) 218551 was trapped
(00.001735) 218551 (native) is going to execute the syscall 15, required is 15
(00.001740) 218551 was stopped
(00.001741) 218545 was trapped
(00.001743) 218549 was trapped
(00.001744) 218549 (native) is going to execute the syscall 15, required is 15
(00.001748) 218549 was stopped
(00.001748) 218545 was trapped
(00.001749) 218545 (native) is going to execute the syscall 15, required is 15
(00.001753) 218545 was stopped
(00.001761) 218545 was trapped
(00.001762) 218545 (native) is going to execute the syscall 11, required is 11
(00.001775) 218545 was stopped
(00.001778) Run late stage hook from criu master for external devices
(00.001779) restore late stage hook for external plugin failed
(00.001780) Running pre-resume scripts
(00.001784) Restore finished successfully. Tasks resumed.
(00.001785) Writing stats
(00.001811) Running post-resume scripts
