(00.000000) CRIU run id = 0xeffffffc000804da
(00.000052) Version: 3.19 (gitid 0)
(00.000055) Running on criu-testing Linux 5.14.0-687.24.1+2.1.el9_8_ciq.x86_64 #1 SMP PREEMPT_DYNAMIC Tue Jul 14 23:31:43 UTC 2026 x86_64
(00.000065) Loaded kdat cache from /run/user/1000/criu.kdat
(00.000078) Hugetlb size 2 Mb is supported but cannot get dev's number
(00.000085) Hugetlb size 1024 Mb is supported but cannot get dev's number
(00.000275) mnt-v2: Mounts-v2 requires MOVE_MOUNT_SET_GROUP support
(00.000278) Mount engine fallback to --mntns-compat-mode mode
(00.000282) Effective capability 24 missing
(00.000335) cpu: x86_family 26 x86_vendor_id AuthenticAMD x86_model_id AMD EPYC 9B45
(00.000338) cpu: fpu: xfeatures_mask 0x2e5 xsave_size 2440 xsave_size_max 2440 xsaves_size 2440
(00.000348) cpu: fpu: x87 floating point registers     xstate_offsets      0 / 0      xstate_sizes    160 / 160   
(00.000350) cpu: fpu: AVX registers                    xstate_offsets    576 / 576    xstate_sizes    256 / 256   
(00.000351) cpu: fpu: AVX-512 opmask                   xstate_offsets    832 / 832    xstate_sizes     64 / 64    
(00.000351) cpu: fpu: AVX-512 Hi256                    xstate_offsets    896 / 896    xstate_sizes    512 / 512   
(00.000352) cpu: fpu: AVX-512 ZMM_Hi256                xstate_offsets   1408 / 1408   xstate_sizes   1024 / 1024  
(00.000353) cpu: fpu: Protection Keys User registers   xstate_offsets   2432 / 2432   xstate_sizes      8 / 8     
(00.000354) cpu: fpu:1 fxsr:1 xsave:1 xsaveopt:1 xsavec:1 xgetbv1:1 xsaves:1
(00.000369) kernel pid_max=4194304
(00.000369) Reading image tree
(00.000378) Add mnt ns 6 pid 525507
(00.000378) Add net ns 2 pid 525507
(00.000379) Add pid ns 1 pid 525507
(00.000380) pstree pid_max=525507
(00.000383) Will restore in 0 namespaces
(00.000384) NS mask to use 0
(00.000394) sockets: Unable to set SO_SNDBUFFORCE/SO_RCVBUFFORCE, falling back to SO_SNDBUF/SO_RCVBUF
(00.000398) Collecting 51/56 (flags 3)
(00.000400) No memfd.img image
(00.000401)  `- ... done
(00.000402) Collecting 40/54 (flags 2)
(00.000407) Collected [home/luca/fmi/build/runbooks/criu-transparent-checkpoint/fmi_checkpoint_subject] ID 0x1
(00.000409) Collected [usr/lib64/libc.so.6] ID 0x2
(00.000410) Collected [usr/lib64/libstdc++.so.6.0.29] ID 0x3
(00.000412) Collected [usr/lib64/libgcc_s-11-20240719.so.1] ID 0x4
(00.000413) Collected [usr/lib64/libicuuc.so.67.1] ID 0x5
(00.000414) Collected [usr/lib64/libicui18n.so.67.1] ID 0x6
(00.000414) Collected [usr/lib64/libm.so.6] ID 0x7
(00.000416) Collected [usr/lib64/libhiredis.so.1.0.0] ID 0x8
(00.000417) Collected [usr/lib64/libicudata.so.67.1] ID 0x9
(00.000418) Collected [usr/lib64/ld-linux-x86-64.so.2] ID 0xa
(00.000419) Collected [dev/null] ID 0xb
(00.000420) Collected [home/luca/fmi/runbooks/drain-migration/runs/run524194/fmidr524194-t0p2/r1.log] ID 0xc
(00.000422) Collected pipe entry ID 0xd PIPE ID 0xa2fd832
(00.000426) Collected pipe entry ID 0xe PIPE ID 0xa2fd832
(00.000427) Collected [home/luca/fmi/runbooks/drain-migration] ID 0xf
(00.000428) Collected [.] ID 0x10
(00.000429)  `- ... done
(00.000429) Collecting 46/68 (flags 0)
(00.000431) No remap-fpath.img image
(00.000431)  `- ... done
(00.000433) No apparmor.img image
(00.000435) No cgroup.img image
(00.000439) Running pre-restore scripts
(00.000445) No pidns-1.img image
(00.000471) Forking task with 525507 pid (flags 0x0)
(00.000472) Creating process using clone3()
(00.000527) PID: real 525507 virt 525507
(00.000557) 525507: cg: Cgroup namespace inherited from parent
(00.000582) 525507: Effective capability 7 missing
(00.000583) 525507: Calling restore_sid() for init
(00.000584) 525507: Restoring 525507 to 525507 sid
(00.000600) 525507: Collecting 44/37 (flags 2)
(00.000606) 525507: No tty-info.img image
(00.000608) 525507:  `- ... done
(00.000609) 525507: Collecting 45/51 (flags 0)
(00.000610) 525507: No tty-data.img image
(00.000611) 525507:  `- ... done
(00.000612) 525507: Restoring namespaces 525507 flags 0x0
(00.000616) 525507: Preparing info about shared resources
(00.000631) 525507: Collecting 48/38 (flags 0)
(00.000637) 525507: No filelocks.img image
(00.000638) 525507:  `- ... done
(00.000639) 525507: Collecting 42/27 (flags 0)
(00.000645) 525507: Collected pipe data for 0xa2fd832 (chain 18)
(00.000647) 525507:  `- ... done
(00.000647) 525507: Collecting 43/27 (flags 0)
(00.000649) 525507: No fifo-data.img image
(00.000649) 525507:  `- ... done
(00.000650) 525507: Collecting 41/69 (flags 0)
(00.000651) 525507: No sk-queues.img image
(00.000651) 525507:  `- ... done
(00.000671) 525507: Found 69 VMAs in image
(00.000673) 525507: vma 0x400000 0x40d000
(00.000674) 525507: vma 0x40d000 0x53d000
(00.000674) 525507: vma 0x53d000 0x5b5000
(00.000675) 525507: vma 0x5b5000 0x5bc000
(00.000675) 525507: vma 0x5bc000 0x5bd000
(00.000676) 525507: vma 0x5bd000 0x5be000
(00.000676) 525507: vma 0x13f1000 0x1416000
(00.000677) 525507: vma 0x7f6420000000 0x7f6420021000
(00.000677) 525507: vma 0x7f6420021000 0x7f6424000000
(00.000678) 525507: vma 0x7f64269fe000 0x7f64269ff000
(00.000678) 525507: vma 0x7f64269ff000 0x7f64271ff000
(00.000679) 525507: vma 0x7f64271ff000 0x7f6427200000
(00.000679) 525507: vma 0x7f6427200000 0x7f6427a00000
(00.000680) 525507: vma 0x7f6427a00000 0x7f6427a29000
(00.000680) 525507: vma 0x7f6427a29000 0x7f6427b9e000
(00.000681) 525507: vma 0x7f6427b9e000 0x7f6427bf7000
(00.000681) 525507: vma 0x7f6427bf7000 0x7f6427bfb000
(00.000682) 525507: vma 0x7f6427bfb000 0x7f6427bfd000
(00.000682) 525507: vma 0x7f6427bfd000 0x7f6427c0a000
(00.000683) 525507: vma 0x7f6427e00000 0x7f6427e99000
(00.000684) 525507: vma 0x7f6427e99000 0x7f6427fa5000
(00.000684) 525507: vma 0x7f6427fa5000 0x7f6428018000
(00.000685) 525507: vma 0x7f6428018000 0x7f6428025000
(00.000685) 525507: vma 0x7f6428025000 0x7f6428026000
(00.000686) 525507: vma 0x7f6428026000 0x7f6428029000
(00.000686) 525507: vma 0x7f64281fa000 0x7f64281fd000
(00.000687) 525507: vma 0x7f64281fd000 0x7f6428211000
(00.000687) 525507: vma 0x7f6428211000 0x7f6428215000
(00.000688) 525507: vma 0x7f6428215000 0x7f6428216000
(00.000688) 525507: vma 0x7f6428216000 0x7f6428217000
(00.000689) 525507: vma 0x7f6428217000 0x7f6428279000
(00.000689) 525507: vma 0x7f6428279000 0x7f6428363000
(00.000690) 525507: vma 0x7f6428363000 0x7f64283eb000
(00.000690) 525507: vma 0x7f64283eb000 0x7f64283fd000
(00.000691) 525507: vma 0x7f64283fd000 0x7f64283fe000
(00.000691) 525507: vma 0x7f64283fe000 0x7f6428400000
(00.000692) 525507: vma 0x7f6428400000 0x7f64284de000
(00.000692) 525507: vma 0x7f64284de000 0x7f6428667000
(00.000693) 525507: vma 0x7f6428667000 0x7f64286f4000
(00.000693) 525507: vma 0x7f64286f4000 0x7f6428704000
(00.000694) 525507: vma 0x7f6428704000 0x7f6428705000
(00.000694) 525507: vma 0x7f6428705000 0x7f6428706000
(00.000695) 525507: vma 0x7f642870b000 0x7f642870e000
(00.000695) 525507: vma 0x7f642870e000 0x7f642871b000
(00.000696) 525507: vma 0x7f642871b000 0x7f642878d000
(00.000696) 525507: vma 0x7f642878d000 0x7f64287e9000
(00.000697) 525507: vma 0x7f64287e9000 0x7f64287ea000
(00.000697) 525507: vma 0x7f64287ea000 0x7f64287eb000
(00.000698) 525507: vma 0x7f64287eb000 0x7f64287ee000
(00.000698) 525507: vma 0x7f64287ee000 0x7f64287fa000
(00.000699) 525507: vma 0x7f64287fa000 0x7f64287fe000
(00.000700) 525507: vma 0x7f64287fe000 0x7f64287ff000
(00.000700) 525507: vma 0x7f64287ff000 0x7f6428800000
(00.000701) 525507: vma 0x7f6428800000 0x7f6428801000
(00.000701) 525507: vma 0x7f6428801000 0x7f6428802000
(00.000702) 525507: vma 0x7f6428802000 0x7f642a317000
(00.000702) 525507: vma 0x7f642a317000 0x7f642a318000
(00.000703) 525507: vma 0x7f642a318000 0x7f642a319000
(00.000704) 525507: vma 0x7f642a31a000 0x7f642a31e000
(00.000704) 525507: vma 0x7f642a324000 0x7f642a326000
(00.000705) 525507: vma 0x7f642a326000 0x7f642a328000
(00.000705) 525507: vma 0x7f642a328000 0x7f642a351000
(00.000706) 525507: vma 0x7f642a351000 0x7f642a35d000
(00.000706) 525507: vma 0x7f642a35d000 0x7f642a35f000
(00.000707) 525507: vma 0x7f642a35f000 0x7f642a361000
(00.000707) 525507: vma 0x7ffe7e1f7000 0x7ffe7e218000
(00.000708) 525507: vma 0x7ffe7e2b3000 0x7ffe7e2b7000
(00.000708) 525507: vma 0x7ffe7e2b7000 0x7ffe7e2b9000
(00.000710) 525507: vma 0xffffffffff600000 0xffffffffff601000
(00.000714) 525507: Collect fdinfo pid=525507 fd=0 id=0xb
(00.000715) 525507: Collect fdinfo pid=525507 fd=1 id=0xc
(00.000716) 525507: Collect fdinfo pid=525507 fd=2 id=0xc
(00.000717) 525507: Collect fdinfo pid=525507 fd=4 id=0xd
(00.000718) 525507: Collect fdinfo pid=525507 fd=5 id=0xe
(00.000737) 525507: skqueue: Preparing SCMs
(00.000738) 525507: Pipes:
(00.000738) 525507:  `- PIPE ID 0xa2fd832
(00.000739) 525507:   `- ID 0x125e5d0 0xd
(00.000740) 525507:    `- FD 4 pid 525507
(00.000741) 525507:   `- ID 0x125e550 0xe
(00.000741) 525507:    `- FD 5 pid 525507
(00.000742) 525507:     by 0xd
(00.000742) 525507: unix: ghost: Resolving addresses
(00.000744) 525507: File descs:
(00.000744) 525507:  `- type 1 ID 0x1
(00.000745) 525507:  `- type 1 ID 0x2
(00.000745) 525507:  `- type 1 ID 0x3
(00.000746) 525507:  `- type 1 ID 0x4
(00.000746) 525507:  `- type 1 ID 0x5
(00.000747) 525507:  `- type 1 ID 0x6
(00.000747) 525507:  `- type 1 ID 0x7
(00.000748) 525507:  `- type 1 ID 0x8
(00.000748) 525507:  `- type 1 ID 0x9
(00.000749) 525507:  `- type 1 ID 0xa
(00.000749) 525507:  `- type 1 ID 0xb
(00.000750) 525507:    `- FD 0 pid 525507
(00.000750) 525507:  `- type 1 ID 0xc
(00.000751) 525507:    `- FD 1 pid 525507
(00.000751) 525507:    `- FD 2 pid 525507
(00.000751) 525507:  `- type 2 ID 0xd
(00.000752) 525507:    `- FD 4 pid 525507
(00.000752) 525507:  `- type 2 ID 0xe
(00.000753) 525507:    `- FD 5 pid 525507
(00.000753) 525507:  `- type 1 ID 0xf
(00.000754) 525507:  `- type 1 ID 0x10
(00.000791) 525507: No parent images directory provided
(00.000796) 525507: Opened local page read 1 (parent 0)
(00.000800) 525507: Enqueue page-read
(00.000801) 525507: Enqueue page-read
(00.000801) 525507: Enqueue page-read
(00.000802) 525507: Enqueue page-read
(00.000802) 525507: Enqueue page-read
(00.000802) 525507: Enqueue page-read
(00.000803) 525507: Enqueue page-read
(00.000803) 525507: Enqueue page-read
(00.000804) 525507: Enqueue page-read
(00.000804) 525507: Enqueue page-read
(00.000805) 525507: Enqueue page-read
(00.000805) 525507: Enqueue page-read
(00.000815) 525507: Enqueue page-read
(00.000817) 525507: Enqueue page-read
(00.000817) 525507: Enqueue page-read
(00.000818) 525507: Enqueue page-read
(00.000819) 525507: Enqueue page-read
(00.000819) 525507: Enqueue page-read
(00.000820) 525507: Enqueue page-read
(00.000820) 525507: Enqueue page-read
(00.000820) 525507: Enqueue page-read
(00.000821) 525507: Enqueue page-read
(00.000821) 525507: Enqueue page-read
(00.000822) 525507: Enqueue page-read
(00.000822) 525507: Enqueue page-read
(00.000823) 525507: Enqueue page-read
(00.000823) 525507: Enqueue page-read
(00.000824) 525507: Enqueue page-read
(00.000824) 525507: Enqueue page-read
(00.000825) 525507: Enqueue page-read
(00.000825) 525507: Enqueue page-read
(00.000825) 525507: Enqueue page-read
(00.000826) 525507: Enqueue page-read
(00.000826) 525507: Enqueue page-read
(00.000827) 525507: Enqueue page-read
(00.000827) 525507: Enqueue page-read
(00.000828) 525507: Enqueue page-read
(00.000828) 525507: Enqueue page-read
(00.000830) 525507: nr_restored_pages: 147
(00.000830) 525507: nr_shared_pages:   0
(00.000831) 525507: nr_dropped_pages:   0
(00.000831) 525507: nr_lazy:           0
(00.000836) 525507: Shrunk premap area to 0x7fac15b12000(0)
(00.000836) 525507: Restore on-core sigactions for 525507
(00.000852) 525507: Restoring children in alien sessions:
(00.000853) 525507: Restoring children in our session:
(00.000857) 525507: Restoring 525507 to 525507 pgid
(00.000859) 525507: Restoring resources
(00.000862) 525507: Opening fdinfo-s
(00.000869) 525507: 		Create fd for 0
(00.000872) 525507: File home/luca/fmi/runbooks/drain-migration/runs/run524194/fmidr524194-t0p2/r1.log could only be validated with file size
(00.000873) 525507: 		Create fd for 1
(00.000873) 525507: 			Going to dup 1 into 2
(00.000874) 525507: 	Receive fd for 2
(00.000875) 525507: 		Creating pipe pipe_id=0xa2fd832 id=0xd
(00.000878) 525507: Restoring size 0x10000 for 0xa2fd832
(00.000880) 525507: 		Send fd 4 to /crtools-fd-525507-effffffc000804da
(00.000888) 525507: 		Create fd for 4
(00.000889) 525507: 		Creating pipe pipe_id=0xa2fd832 id=0xe
(00.000892) 525507: Further fle=0x7fac1dd97988, pid=525507
(00.000893) 525507: 		Create fd for 5
(00.000894) 525507: Opening 0x00000000400000-0x0000000040d000 0000000000000000 (41) vma
(00.000906) 525507: Opening 0x0000000040d000-0x0000000053d000 0x0000000000d000 (41) vma
(00.000907) 525507: Opening 0x0000000053d000-0x000000005b5000 0x0000000013d000 (20000041) vma
(00.000908) 525507: Opening 0x000000005b5000-0x000000005bc000 0x000000001b5000 (41) vma
(00.000908) 525507: Opening 0x000000005bc000-0x000000005bd000 0x000000001bc000 (41) vma
(00.000909) 525507: Opening 0x007f6427a00000-0x007f6427a29000 0000000000000000 (20000041) vma
(00.000915) 525507: Opening 0x007f6427a29000-0x007f6427b9e000 0x00000000029000 (20000041) vma
(00.000916) 525507: Opening 0x007f6427b9e000-0x007f6427bf7000 0x0000000019e000 (41) vma
(00.000916) 525507: Opening 0x007f6427bf7000-0x007f6427bfb000 0x000000001f6000 (41) vma
(00.000917) 525507: Opening 0x007f6427bfb000-0x007f6427bfd000 0x000000001fa000 (41) vma
(00.000917) 525507: Opening 0x007f6427e00000-0x007f6427e99000 0000000000000000 (20000041) vma
(00.000923) 525507: Opening 0x007f6427e99000-0x007f6427fa5000 0x00000000099000 (20000041) vma
(00.000924) 525507: Opening 0x007f6427fa5000-0x007f6428018000 0x000000001a5000 (41) vma
(00.000924) 525507: Opening 0x007f6428018000-0x007f6428025000 0x00000000217000 (41) vma
(00.000925) 525507: Opening 0x007f6428025000-0x007f6428026000 0x00000000224000 (41) vma
(00.000925) 525507: Opening 0x007f64281fa000-0x007f64281fd000 0000000000000000 (20000041) vma
(00.000933) 525507: Opening 0x007f64281fd000-0x007f6428211000 0x00000000003000 (20000041) vma
(00.000934) 525507: Opening 0x007f6428211000-0x007f6428215000 0x00000000017000 (41) vma
(00.000935) 525507: Opening 0x007f6428215000-0x007f6428216000 0x0000000001a000 (41) vma
(00.000935) 525507: Opening 0x007f6428217000-0x007f6428279000 0000000000000000 (20000041) vma
(00.000941) 525507: Opening 0x007f6428279000-0x007f6428363000 0x00000000062000 (20000041) vma
(00.000941) 525507: Opening 0x007f6428363000-0x007f64283eb000 0x0000000014c000 (41) vma
(00.000942) 525507: Opening 0x007f64283eb000-0x007f64283fd000 0x000000001d4000 (41) vma
(00.000943) 525507: Opening 0x007f64283fd000-0x007f64283fe000 0x000000001e6000 (41) vma
(00.000943) 525507: Opening 0x007f6428400000-0x007f64284de000 0000000000000000 (20000041) vma
(00.000948) 525507: Opening 0x007f64284de000-0x007f6428667000 0x000000000de000 (20000041) vma
(00.000949) 525507: Opening 0x007f6428667000-0x007f64286f4000 0x00000000267000 (41) vma
(00.000949) 525507: Opening 0x007f64286f4000-0x007f6428704000 0x000000002f4000 (41) vma
(00.000950) 525507: Opening 0x007f6428704000-0x007f6428705000 0x00000000304000 (41) vma
(00.000951) 525507: Opening 0x007f642870e000-0x007f642871b000 0000000000000000 (20000041) vma
(00.000956) 525507: Opening 0x007f642871b000-0x007f642878d000 0x0000000000d000 (20000041) vma
(00.000956) 525507: Opening 0x007f642878d000-0x007f64287e9000 0x0000000007f000 (41) vma
(00.000957) 525507: Opening 0x007f64287e9000-0x007f64287ea000 0x000000000da000 (41) vma
(00.000957) 525507: Opening 0x007f64287ea000-0x007f64287eb000 0x000000000db000 (41) vma
(00.000958) 525507: Opening 0x007f64287eb000-0x007f64287ee000 0000000000000000 (20000041) vma
(00.000963) 525507: Opening 0x007f64287ee000-0x007f64287fa000 0x00000000003000 (20000041) vma
(00.000964) 525507: Opening 0x007f64287fa000-0x007f64287fe000 0x0000000000f000 (41) vma
(00.000964) 525507: Opening 0x007f64287fe000-0x007f64287ff000 0x00000000012000 (41) vma
(00.000965) 525507: Opening 0x007f64287ff000-0x007f6428800000 0x00000000013000 (41) vma
(00.000965) 525507: Opening 0x007f6428800000-0x007f6428801000 0000000000000000 (20000041) vma
(00.000971) 525507: Opening 0x007f6428801000-0x007f6428802000 0x00000000001000 (20000041) vma
(00.000972) 525507: Opening 0x007f6428802000-0x007f642a317000 0x00000000002000 (41) vma
(00.000972) 525507: Opening 0x007f642a317000-0x007f642a318000 0x00000001b16000 (41) vma
(00.000974) 525507: Opening 0x007f642a326000-0x007f642a328000 0000000000000000 (20000041) vma
(00.000979) 525507: Opening 0x007f642a328000-0x007f642a351000 0x00000000002000 (20000041) vma
(00.000980) 525507: Opening 0x007f642a351000-0x007f642a35d000 0x0000000002b000 (41) vma
(00.000980) 525507: Opening 0x007f642a35d000-0x007f642a35f000 0x00000000037000 (41) vma
(00.000981) 525507: Opening 0x007f642a35f000-0x007f642a361000 0x00000000039000 (41) vma
(00.001016) 525507: `- render 26 iovs (0x40d000:4096...)
(00.001018) 525507: Restore via sigreturn
(00.001043) 525507: Parsed 400000-426000 vma
(00.001044) 525507: Parsed 400000-4d8000 vma
(00.001045) 525507: Parsed 400000-54c000 vma
(00.001046) 525507: Parsed 400000-56b000 vma
(00.001046) 525507: Parsed 400000-573000 vma
(00.001047) 525507: Parsed 400000-5a6000 vma
(00.001047) 525507: Parsed 123b000-127d000 vma
(00.001048) 525507: Parsed 7fac1d2ac000-7fac1d2bd000 vma
(00.001049) 525507: Parsed 7fac1d2ac000-7fac1d2f5000 vma
(00.001049) 525507: Parsed 7fac1d2ac000-7fac1d42c000 vma
(00.001050) 525507: Parsed 7fac1d2ac000-7fac1d430000 vma
(00.001051) 525507: Parsed 7fac1d2ac000-7fac1d431000 vma
(00.001051) 525507: Parsed 7fac1d2ac000-7fac1d470000 vma
(00.001052) 525507: Parsed 7fac1d2ac000-7fac1d55a000 vma
(00.001052) 525507: Parsed 7fac1d2ac000-7fac1d5e1000 vma
(00.001053) 525507: Parsed 7fac1d2ac000-7fac1d5f1000 vma
(00.001053) 525507: Parsed 7fac1d2ac000-7fac1d600000 vma
(00.001054) 525507: Parsed 7fac1d2ac000-7fac1d629000 vma
(00.001055) 525507: Parsed 7fac1d2ac000-7fac1d79e000 vma
(00.001055) 525507: Parsed 7fac1d2ac000-7fac1d7f7000 vma
(00.001056) 525507: Parsed 7fac1d2ac000-7fac1d7fb000 vma
(00.001056) 525507: Parsed 7fac1d2ac000-7fac1d7fd000 vma
(00.001057) 525507: Parsed 7fac1d2ac000-7fac1d80a000 vma
(00.001057) 525507: Parsed 7fac1d82b000-7fac1d82f000 vma
(00.001058) 525507: Parsed 7fac1d831000-7fac1d83d000 vma
(00.001059) 525507: Parsed 7fac1d831000-7fac1d852000 vma
(00.001059) 525507: Parsed 7fac1d831000-7fac1d854000 vma
(00.001060) 525507: Parsed 7fac1d831000-7fac1d85a000 vma
(00.001060) 525507: Parsed 7fac1d831000-7fac1d85b000 vma
(00.001061) 525507: Parsed 7fac1d831000-7fac1d85c000 vma
(00.001061) 525507: Parsed 7fac1d831000-7fac1d85d000 vma
(00.001062) 525507: Parsed 7fac1d831000-7fac1d85e000 vma
(00.001062) 525507: Parsed 7fac1d831000-7fac1d86c000 vma
(00.001063) 525507: Parsed 7fac1d831000-7fac1d89a000 vma
(00.001064) 525507: Parsed 7fac1d831000-7fac1d8b2000 vma
(00.001064) 525507: Parsed 7fac1d831000-7fac1d8b4000 vma
(00.001065) 525507: Parsed 7fac1d831000-7fac1d8b5000 vma
(00.001065) 525507: Parsed 7fac1d831000-7fac1d8bd000 vma
(00.001066) 525507: Parsed 7fac1d831000-7fac1d921000 vma
(00.001066) 525507: Parsed 7fac1d831000-7fac1d94a000 vma
(00.001067) 525507: Parsed 7fac1d831000-7fac1d94c000 vma
(00.001067) 525507: Parsed 7fac1d831000-7fac1d94d000 vma
(00.001068) 525507: Parsed 7fac1d831000-7fac1d950000 vma
(00.001077) 525507: Parsed 7fac1d831000-7fac1d95e000 vma
(00.001078) 525507: Parsed 7fac1d831000-7fac1d962000 vma
(00.001079) 525507: Parsed 7fac1d831000-7fac1d963000 vma
(00.001079) 525507: Parsed 7fac1d831000-7fac1d964000 vma
(00.001080) 525507: Parsed 7fac1d831000-7fac1d966000 vma
(00.001080) 525507: Parsed 7fac1d831000-7fac1d9d3000 vma
(00.001081) 525507: Parsed 7fac1d831000-7fac1d9fe000 vma
(00.001082) 525507: Parsed 7fac1d831000-7fac1d9ff000 vma
(00.001082) 525507: Parsed 7fac1d831000-7fac1da00000 vma
(00.001083) 525507: Parsed 7fac1d831000-7fac1da39000 vma
(00.001083) 525507: Parsed 7fac1d831000-7fac1dc20000 vma
(00.001084) 525507: Parsed 7fac1d831000-7fac1dcbe000 vma
(00.001084) 525507: Parsed 7fac1d831000-7fac1dcd0000 vma
(00.001085) 525507: Parsed 7fac1d831000-7fac1dcd4000 vma
(00.001085) 525507: Parsed 7fac1d831000-7fac1dcda000 vma
(00.001086) 525507: Parsed 7fac1d831000-7fac1dcdc000 vma
(00.001087) 525507: Parsed 7fac1d831000-7fac1dce0000 vma
(00.001087) 525507: Parsed 7fac1d831000-7fac1dcf9000 vma
(00.001088) 525507: Parsed 7fac1d831000-7fac1dcfa000 vma
(00.001088) 525507: Parsed 7fac1d831000-7fac1dcfb000 vma
(00.001089) 525507: Parsed 7fac1d831000-7fac1dcfe000 vma
(00.001090) 525507: Parsed 7fac1d831000-7fac1dd12000 vma
(00.001091) 525507: Parsed 7fac1d831000-7fac1dd16000 vma
(00.001091) 525507: Parsed 7fac1d831000-7fac1dd17000 vma
(00.001092) 525507: Parsed 7fac1d831000-7fac1dd18000 vma
(00.001093) 525507: Parsed 7fac1d831000-7fac1dd1c000 vma
(00.001093) 525507: Parsed 7fac1d831000-7fac1dd2a000 vma
(00.001094) 525507: Parsed 7fac1d831000-7fac1dd30000 vma
(00.001094) 525507: Parsed 7fac1d831000-7fac1dd31000 vma
(00.001095) 525507: Parsed 7fac1d831000-7fac1dd36000 vma
(00.001095) 525507: Parsed 7fac1d831000-7fac1dd3f000 vma
(00.001096) 525507: Parsed 7fac1d831000-7fac1dd4f000 vma
(00.001096) 525507: Parsed 7fac1d831000-7fac1dd58000 vma
(00.001097) 525507: Parsed 7fac1d831000-7fac1dd5a000 vma
(00.001098) 525507: Parsed 7fac1d831000-7fac1dd5b000 vma
(00.001098) 525507: Parsed 7fac1d831000-7fac1dd5c000 vma
(00.001099) 525507: Parsed 7fac1d831000-7fac1dd62000 vma
(00.001099) 525507: Parsed 7fac1d831000-7fac1dd63000 vma
(00.001100) 525507: Parsed 7fac1d831000-7fac1dd64000 vma
(00.001100) 525507: Parsed 7fac1d831000-7fac1dd65000 vma
(00.001101) 525507: Parsed 7fac1d831000-7fac1dd66000 vma
(00.001106) 525507: Parsed 7fac1d831000-7fac1dd6c000 vma
(00.001106) 525507: Parsed 7fac1d831000-7fac1dd87000 vma
(00.001107) 525507: Parsed 7fac1d831000-7fac1dd8f000 vma
(00.001107) 525507: Parsed 7fac1d831000-7fac1dd90000 vma
(00.001108) 525507: Parsed 7fac1d831000-7fac1dd91000 vma
(00.001108) 525507: Parsed 7fac1d831000-7fac1dd93000 vma
(00.001109) 525507: Parsed 7fac1dd94000-7fac1dd95000 vma
(00.001110) 525507: Parsed 7fac1dd94000-7fac1dd97000 vma
(00.001110) 525507: Parsed 7fac1dd94000-7fac1dd99000 vma
(00.001111) 525507: Parsed 7fac1dd94000-7fac1dd9b000 vma
(00.001111) 525507: Parsed 7fac1dd94000-7fac1dd9d000 vma
(00.001112) 525507: Parsed 7fac1dd94000-7fac1ddc6000 vma
(00.001112) 525507: Parsed 7fac1dd94000-7fac1ddd2000 vma
(00.001113) 525507: Parsed 7fac1dd94000-7fac1ddd4000 vma
(00.001113) 525507: Parsed 7fac1dd94000-7fac1ddd6000 vma
(00.001114) 525507: Parsed 7ffc13513000-7ffc13534000 vma
(00.001115) 525507: Parsed 7ffc1357a000-7ffc1357e000 vma
(00.001115) 525507: Parsed 7ffc1357a000-7ffc13580000 vma
(00.001116) 525507: Parsed ffffffffff600000-ffffffffff601000 vma
(00.001117) 525507: 3 threads require 228K of memory
(00.001118) 525507: Found bootstrap VMA hint at: 0x10000 (needs ~252K)
(00.001150) 525507: 	call mremap(0x7fac1d82b000, 16384, 16384, MAYMOVE | FIXED, 0x43000)
(00.001152) 525507: 	call mremap(0x7fac1dd95000, 8192, 8192, MAYMOVE | FIXED, 0x47000)
(00.001158) 525507: x86: xsave runtime structure
(00.001159) 525507: x86: -----------------------
(00.001159) 525507: x86: cwd:0x37f swd:0 twd:0 fop:0 mxcsr:0x1fa0 mxcsr_mask:0x2ffff
(00.001160) 525507: x86: magic1:0x46505853 extended_size:2444 xstate_bv:0x2a3 xstate_size:2440
(00.001161) 525507: x86: xstate_bv: 0x2a3
(00.001162) 525507: x86: -----------------------
(00.001162) 525507: Thread    0 stack  0x1c080 rt_sigframe  0x24080
(00.001163) 525507: x86: xsave runtime structure
(00.001164) 525507: x86: -----------------------
(00.001164) 525507: x86: cwd:0x37f swd:0 twd:0 fop:0 mxcsr:0x1fa0 mxcsr_mask:0x2ffff
(00.001165) 525507: x86: magic1:0x46505853 extended_size:2444 xstate_bv:0x2a3 xstate_size:2440
(00.001166) 525507: x86: xstate_bv: 0x2a3
(00.001166) 525507: x86: -----------------------
(00.001168) 525507: Thread    1 stack  0x288c0 rt_sigframe  0x308c0
(00.001169) 525507: x86: xsave runtime structure
(00.001169) 525507: x86: -----------------------
(00.001170) 525507: x86: cwd:0x37f swd:0 twd:0 fop:0 mxcsr:0x1fa0 mxcsr_mask:0x2ffff
(00.001170) 525507: x86: magic1:0x46505853 extended_size:2444 xstate_bv:0x2a3 xstate_size:2440
(00.001171) 525507: x86: xstate_bv: 0x2a3
(00.001171) 525507: x86: -----------------------
(00.001173) 525507: Thread    2 stack  0x35100 rt_sigframe  0x3d100
(00.001183) 525507: Restoring umask to 22
(00.001188) 525507: task_args: 0x42000
task_args->pid: 525507
task_args->nr_threads: 3
task_args->clone_restore_fn: 0x12060
task_args->thread_args: 0x42580
(00.001191) pie: 525507: Switched to the restorer 525507
(00.001261) pie: 525507: Mapping native vDSO at 0x49000
(00.001273) pie: 525507: vdso: Using gettimeofday() on vdso at 0x4de00
(00.001278) pie: 525507: 	mmap(0x400000 -> 0x40d000, 0x3 0x12 3)
(00.001282) pie: 525507: 	mmap(0x40d000 -> 0x53d000, 0x7 0x12 3)
(00.001284) pie: 525507: 	mmap(0x53d000 -> 0x5b5000, 0x1 0x12 3)
(00.001285) pie: 525507: 	mmap(0x5b5000 -> 0x5bc000, 0x3 0x12 3)
(00.001287) pie: 525507: 	mmap(0x5bc000 -> 0x5bd000, 0x3 0x12 3)
(00.001290) pie: 525507: 	mmap(0x5bd000 -> 0x5be000, 0x3 0x32 -1)
(00.001291) pie: 525507: 	mmap(0x13f1000 -> 0x1416000, 0x3 0x32 -1)
(00.001294) pie: 525507: 	mmap(0x7f6420000000 -> 0x7f6420021000, 0x3 0x32 -1)
(00.001296) pie: 525507: 	mmap(0x7f6420021000 -> 0x7f6424000000, 0x0 0x32 -1)
(00.001298) pie: 525507: 	mmap(0x7f64269fe000 -> 0x7f64269ff000, 0x0 0x32 -1)
(00.001299) pie: 525507: 	mmap(0x7f64269ff000 -> 0x7f64271ff000, 0x3 0x32 -1)
(00.001301) pie: 525507: 	mmap(0x7f64271ff000 -> 0x7f6427200000, 0x0 0x32 -1)
(00.001302) pie: 525507: 	mmap(0x7f6427200000 -> 0x7f6427a00000, 0x3 0x32 -1)
(00.001304) pie: 525507: 	mmap(0x7f6427a00000 -> 0x7f6427a29000, 0x1 0x12 6)
(00.001306) pie: 525507: 	mmap(0x7f6427a29000 -> 0x7f6427b9e000, 0x5 0x12 6)
(00.001309) pie: 525507: 	mmap(0x7f6427b9e000 -> 0x7f6427bf7000, 0x3 0x12 6)
(00.001311) pie: 525507: 	mmap(0x7f6427bf7000 -> 0x7f6427bfb000, 0x3 0x12 6)
(00.001313) pie: 525507: 	mmap(0x7f6427bfb000 -> 0x7f6427bfd000, 0x3 0x12 6)
(00.001314) pie: 525507: 	mmap(0x7f6427bfd000 -> 0x7f6427c0a000, 0x3 0x32 -1)
(00.001315) pie: 525507: 	mmap(0x7f6427e00000 -> 0x7f6427e99000, 0x1 0x12 7)
(00.001317) pie: 525507: 	mmap(0x7f6427e99000 -> 0x7f6427fa5000, 0x5 0x12 7)
(00.001319) pie: 525507: 	mmap(0x7f6427fa5000 -> 0x7f6428018000, 0x3 0x12 7)
(00.001321) pie: 525507: 	mmap(0x7f6428018000 -> 0x7f6428025000, 0x3 0x12 7)
(00.001323) pie: 525507: 	mmap(0x7f6428025000 -> 0x7f6428026000, 0x3 0x12 7)
(00.001324) pie: 525507: 	mmap(0x7f6428026000 -> 0x7f6428029000, 0x3 0x32 -1)
(00.001326) pie: 525507: 	mmap(0x7f64281fa000 -> 0x7f64281fd000, 0x1 0x12 8)
(00.001328) pie: 525507: 	mmap(0x7f64281fd000 -> 0x7f6428211000, 0x5 0x12 8)
(00.001330) pie: 525507: 	mmap(0x7f6428211000 -> 0x7f6428215000, 0x3 0x12 8)
(00.001331) pie: 525507: 	mmap(0x7f6428215000 -> 0x7f6428216000, 0x3 0x12 8)
(00.001333) pie: 525507: 	mmap(0x7f6428216000 -> 0x7f6428217000, 0x3 0x32 -1)
(00.001334) pie: 525507: 	mmap(0x7f6428217000 -> 0x7f6428279000, 0x1 0x12 9)
(00.001336) pie: 525507: 	mmap(0x7f6428279000 -> 0x7f6428363000, 0x5 0x12 9)
(00.001338) pie: 525507: 	mmap(0x7f6428363000 -> 0x7f64283eb000, 0x3 0x12 9)
(00.001340) pie: 525507: 	mmap(0x7f64283eb000 -> 0x7f64283fd000, 0x3 0x12 9)
(00.001341) pie: 525507: 	mmap(0x7f64283fd000 -> 0x7f64283fe000, 0x3 0x12 9)
(00.001343) pie: 525507: 	mmap(0x7f64283fe000 -> 0x7f6428400000, 0x3 0x32 -1)
(00.001344) pie: 525507: 	mmap(0x7f6428400000 -> 0x7f64284de000, 0x1 0x12 10)
(00.001346) pie: 525507: 	mmap(0x7f64284de000 -> 0x7f6428667000, 0x5 0x12 10)
(00.001348) pie: 525507: 	mmap(0x7f6428667000 -> 0x7f64286f4000, 0x3 0x12 10)
(00.001350) pie: 525507: 	mmap(0x7f64286f4000 -> 0x7f6428704000, 0x3 0x12 10)
(00.001351) pie: 525507: 	mmap(0x7f6428704000 -> 0x7f6428705000, 0x3 0x12 10)
(00.001353) pie: 525507: 	mmap(0x7f6428705000 -> 0x7f6428706000, 0x3 0x32 -1)
(00.001354) pie: 525507: 	mmap(0x7f642870b000 -> 0x7f642870e000, 0x3 0x32 -1)
(00.001355) pie: 525507: 	mmap(0x7f642870e000 -> 0x7f642871b000, 0x1 0x12 11)
(00.001356) pie: 525507: 	mmap(0x7f642871b000 -> 0x7f642878d000, 0x5 0x12 11)
(00.001358) pie: 525507: 	mmap(0x7f642878d000 -> 0x7f64287e9000, 0x3 0x12 11)
(00.001360) pie: 525507: 	mmap(0x7f64287e9000 -> 0x7f64287ea000, 0x3 0x12 11)
(00.001362) pie: 525507: 	mmap(0x7f64287ea000 -> 0x7f64287eb000, 0x3 0x12 11)
(00.001363) pie: 525507: 	mmap(0x7f64287eb000 -> 0x7f64287ee000, 0x1 0x12 12)
(00.001365) pie: 525507: 	mmap(0x7f64287ee000 -> 0x7f64287fa000, 0x5 0x12 12)
(00.001367) pie: 525507: 	mmap(0x7f64287fa000 -> 0x7f64287fe000, 0x3 0x12 12)
(00.001368) pie: 525507: 	mmap(0x7f64287fe000 -> 0x7f64287ff000, 0x3 0x12 12)
(00.001372) pie: 525507: 	mmap(0x7f64287ff000 -> 0x7f6428800000, 0x3 0x12 12)
(00.001373) pie: 525507: 	mmap(0x7f6428800000 -> 0x7f6428801000, 0x1 0x12 13)
(00.001375) pie: 525507: 	mmap(0x7f6428801000 -> 0x7f6428802000, 0x5 0x12 13)
(00.001377) pie: 525507: 	mmap(0x7f6428802000 -> 0x7f642a317000, 0x3 0x12 13)
(00.001380) pie: 525507: 	mmap(0x7f642a317000 -> 0x7f642a318000, 0x3 0x12 13)
(00.001382) pie: 525507: 	mmap(0x7f642a318000 -> 0x7f642a319000, 0x3 0x32 -1)
(00.001384) pie: 525507: 	mmap(0x7f642a31a000 -> 0x7f642a31e000, 0x3 0x32 -1)
(00.001386) pie: 525507: 	mmap(0x7f642a324000 -> 0x7f642a326000, 0x3 0x32 -1)
(00.001388) pie: 525507: 	mmap(0x7f642a326000 -> 0x7f642a328000, 0x1 0x12 14)
(00.001390) pie: 525507: 	mmap(0x7f642a328000 -> 0x7f642a351000, 0x5 0x12 14)
(00.001392) pie: 525507: 	mmap(0x7f642a351000 -> 0x7f642a35d000, 0x3 0x12 14)
(00.001394) pie: 525507: 	mmap(0x7f642a35d000 -> 0x7f642a35f000, 0x3 0x12 14)
(00.001396) pie: 525507: 	mmap(0x7f642a35f000 -> 0x7f642a361000, 0x3 0x12 14)
(00.001397) pie: 525507: 	mmap(0x7ffe7e1f7000 -> 0x7ffe7e218000, 0x3 0x132 -1)
(00.001399) pie: 525507: 	mmap(0x7ffe7e2b3000 -> 0x7ffe7e2b7000, 0x3 0x32 -1)
(00.001401) pie: 525507: 	mmap(0x7ffe7e2b7000 -> 0x7ffe7e2b9000, 0x7 0x32 -1)
(00.001403) pie: 525507: Preadv 0x40d000:4096... (26 iovs)
(00.001574) pie: 525507: `- returned 602112
(00.001575) pie: 525507:    `- skip pagemap
(00.001575) pie: 525507:    `- skip pagemap
(00.001576) pie: 525507:    `- skip pagemap
(00.001576) pie: 525507:    `- skip pagemap
(00.001577) pie: 525507:    `- skip pagemap
(00.001577) pie: 525507:    `- skip pagemap
(00.001578) pie: 525507:    `- skip pagemap
(00.001578) pie: 525507:    `- skip pagemap
(00.001579) pie: 525507:    `- skip pagemap
(00.001579) pie: 525507:    `- skip pagemap
(00.001580) pie: 525507:    `- skip pagemap
(00.001580) pie: 525507:    `- skip pagemap
(00.001581) pie: 525507:    `- skip pagemap
(00.001581) pie: 525507:    `- skip pagemap
(00.001582) pie: 525507:    `- skip pagemap
(00.001582) pie: 525507:    `- skip pagemap
(00.001583) pie: 525507:    `- skip pagemap
(00.001583) pie: 525507:    `- skip pagemap
(00.001583) pie: 525507:    `- skip pagemap
(00.001584) pie: 525507:    `- skip pagemap
(00.001584) pie: 525507:    `- skip pagemap
(00.001585) pie: 525507:    `- skip pagemap
(00.001585) pie: 525507:    `- skip pagemap
(00.001586) pie: 525507:    `- skip pagemap
(00.001586) pie: 525507:    `- skip pagemap
(00.001587) pie: 525507:    `- skip pagemap
(00.001588) pie: 525507: vdso: Parsing at 0x7ffe7e2b7000 0x7ffe7e2b9000
(00.001589) pie: 525507: vdso: PT_LOAD p_vaddr: 0x0
(00.001589) pie: 525507: vdso: DT_HASH: 0x120
(00.001590) pie: 525507: vdso: DT_STRTAB: 0x300
(00.001590) pie: 525507: vdso: DT_SYMTAB: 0x1c8
(00.001591) pie: 525507: vdso: DT_STRSZ: 0x8b
(00.001592) pie: 525507: vdso: DT_SYMENT: 0x18
(00.001592) pie: 525507: vdso: nbucket 0x3 nchain 0xd bucket 0x7ffe7e2b7128 chain 0x7ffe7e2b7134
(00.001593) pie: 525507: vdso: image [vdso] 0x7ffe7e2b7000-0x7ffe7e2b9000 [vvar] 0x7ffe7e2b3000-0x7ffe7e2b7000
(00.001594) pie: 525507: vdso: Runtime vdso/vvar matches dumpee, remap inplace
(00.001599) pie: 525507: vdso: Remap rt-vdso 0x4d000 -> 0x7ffe7e2b7000
(00.001602) pie: 525507: vdso: Remap rt-vvar 0x49000 -> 0x7ffe7e2b3000
(00.001605) pie: 525507: vdso: Using gettimeofday() on vdso at 0x7ffe7e2b7e00
(00.001637) pie: 525507: restoring lsm profile (current) unconfined_u:unconfined_r:unconfined_t:s0-s0:c0.c1023
(00.001655) pie: 525507: Restoring scheduler params 0.5.0
(00.001659) pie: 525507: rseq: rseq_abi_pointer = 0x7f642870c120 signature = 0x53053053
(00.001660) pie: 525507: Using clone3 to restore the process
(00.001674) pie: 525507: Using clone3 to restore the process
(00.001676) pie: 525509: Restoring scheduler params 0.5.0
(00.001681) pie: 525509: rseq: rseq_abi_pointer = 0x7f64279fffe0 signature = 0x53053053
(00.001683) pie: 525509: 525509: Restored
(00.001685) pie: 525507: 525507: Restored
(00.001688) pie: 525511: Restoring scheduler params 0.5.0
(00.001693) pie: 525511: rseq: rseq_abi_pointer = 0x7f64271fefe0 signature = 0x53053053
(00.001698) pie: 525511: 525511: Restored
(00.001707) Running post-restore scripts
(00.001708) net: Unlock network
(00.001741) pie: 525507: seccomp: mode 0 on tid 525507
(00.001741) pie: 525511: seccomp: mode 0 on tid 525511
(00.001741) pie: 525509: seccomp: mode 0 on tid 525509
(00.001785) 525509 was trapped
(00.001790) 525511 was trapped
(00.001792) 525509 was trapped
(00.001794) 525509 (native) is going to execute the syscall 15, required is 15
(00.001799) 525509 was stopped
(00.001800) 525507 was trapped
(00.001802) 525511 was trapped
(00.001803) 525511 (native) is going to execute the syscall 15, required is 15
(00.001821) 525511 was stopped
(00.001826) 525507 was trapped
(00.001829) 525507 (native) is going to execute the syscall 15, required is 15
(00.001834) 525507 was stopped
(00.001845) 525507 was trapped
(00.001847) 525507 (native) is going to execute the syscall 11, required is 11
(00.001860) 525507 was stopped
(00.001864) Run late stage hook from criu master for external devices
(00.001865) restore late stage hook for external plugin failed
(00.001866) Running pre-resume scripts
(00.001877) Restore finished successfully. Tasks resumed.
(00.001878) Writing stats
(00.001912) Running post-resume scripts
